Archive member included to satisfy reference by file (symbol)

c:/progra~2/gnutoo~1/92019-~1/bin/../lib/gcc/arm-none-eabi/9.2.1/thumb/v7e-m+fp/hard\libgcc.a(_arm_muldf3.o)
                              CMakeFiles/EXE_SensorPT_MEAS_MS5YXX_Imx8M4.elf.dir/sensor_pt_meas_ms5YXX/CMS5YXX.cpp.obj (__aeabi_dmul)
c:/progra~2/gnutoo~1/92019-~1/bin/../lib/gcc/arm-none-eabi/9.2.1/thumb/v7e-m+fp/hard\libgcc.a(_arm_addsubdf3.o)
                              CMakeFiles/EXE_SensorPT_MEAS_MS5YXX_Imx8M4.elf.dir/sensor_pt_meas_ms5YXX/CMS5YXX.cpp.obj (__aeabi_dadd)
c:/progra~2/gnutoo~1/92019-~1/bin/../lib/gcc/arm-none-eabi/9.2.1/thumb/v7e-m+fp/hard\libgcc.a(_arm_muldivdf3.o)
                              CMakeFiles/EXE_SensorPT_MEAS_MS5YXX_Imx8M4.elf.dir/sensor_pt_meas_ms5YXX/CMS5YXX.cpp.obj (__aeabi_ddiv)
c:/progra~2/gnutoo~1/92019-~1/bin/../lib/gcc/arm-none-eabi/9.2.1/thumb/v7e-m+fp/hard\libgcc.a(_arm_fixdfsi.o)
                              CMakeFiles/EXE_SensorPT_MEAS_MS5YXX_Imx8M4.elf.dir/sensor_pt_meas_ms5YXX/CMS5YXX.cpp.obj (__aeabi_d2iz)
c:/progra~2/gnutoo~1/92019-~1/bin/../lib/gcc/arm-none-eabi/9.2.1/thumb/v7e-m+fp/hard\libgcc.a(_arm_addsubsf3.o)
                              CMakeFiles/EXE_SensorPT_MEAS_MS5YXX_Imx8M4.elf.dir/sensor_pt_meas_ms5YXX/CMS5YXX.cpp.obj (__aeabi_l2f)
c:/progra~2/gnutoo~1/92019-~1/bin/../lib/gcc/arm-none-eabi/9.2.1/thumb/v7e-m+fp/hard\libgcc.a(_aeabi_ldivmod.o)
                              CMakeFiles/EXE_SensorPT_MEAS_MS5YXX_Imx8M4.elf.dir/sensor_pt_meas_ms5YXX/CMS5YXX.cpp.obj (__aeabi_ldivmod)
c:/progra~2/gnutoo~1/92019-~1/bin/../lib/gcc/arm-none-eabi/9.2.1/thumb/v7e-m+fp/hard\libgcc.a(_aeabi_uldivmod.o)
                              CMakeFiles/EXE_SensorPT_MEAS_MS5YXX_Imx8M4.elf.dir/X_/dev/products/G6/dev/HardwareAbstraction/MIMX8QX2/devices/MIMX8QX6/drivers/fsl_common.c.obj (__aeabi_uldivmod)
c:/progra~2/gnutoo~1/92019-~1/bin/../lib/gcc/arm-none-eabi/9.2.1/thumb/v7e-m+fp/hard\libgcc.a(_fixdfdi.o)
                              CMakeFiles/EXE_SensorPT_MEAS_MS5YXX_Imx8M4.elf.dir/sensor_pt_meas_ms5YXX/CMS5YXX.cpp.obj (__aeabi_d2lz)
c:/progra~2/gnutoo~1/92019-~1/bin/../lib/gcc/arm-none-eabi/9.2.1/thumb/v7e-m+fp/hard\libgcc.a(_fixunsdfdi.o)
                              c:/progra~2/gnutoo~1/92019-~1/bin/../lib/gcc/arm-none-eabi/9.2.1/thumb/v7e-m+fp/hard\libgcc.a(_fixdfdi.o) (__aeabi_d2ulz)
c:/progra~2/gnutoo~1/92019-~1/bin/../lib/gcc/arm-none-eabi/9.2.1/thumb/v7e-m+fp/hard\libgcc.a(_udivmoddi4.o)
                              c:/progra~2/gnutoo~1/92019-~1/bin/../lib/gcc/arm-none-eabi/9.2.1/thumb/v7e-m+fp/hard\libgcc.a(_aeabi_ldivmod.o) (__udivmoddi4)
c:/progra~2/gnutoo~1/92019-~1/bin/../lib/gcc/arm-none-eabi/9.2.1/thumb/v7e-m+fp/hard\libgcc.a(_dvmd_tls.o)
                              c:/progra~2/gnutoo~1/92019-~1/bin/../lib/gcc/arm-none-eabi/9.2.1/thumb/v7e-m+fp/hard\libgcc.a(_aeabi_ldivmod.o) (__aeabi_ldiv0)
c:/progra~2/gnutoo~1/92019-~1/bin/../lib/gcc/arm-none-eabi/9.2.1/thumb/v7e-m+fp/hard\libgcc.a(_arm_cmpdf2.o)
                              c:/progra~2/gnutoo~1/92019-~1/bin/../lib/gcc/arm-none-eabi/9.2.1/thumb/v7e-m+fp/hard\libgcc.a(_fixdfdi.o) (__aeabi_dcmplt)
c:/progra~2/gnutoo~1/92019-~1/bin/../lib/gcc/arm-none-eabi/9.2.1/thumb/v7e-m+fp/hard\libgcc.a(_arm_fixunsdfsi.o)
                              c:/progra~2/gnutoo~1/92019-~1/bin/../lib/gcc/arm-none-eabi/9.2.1/thumb/v7e-m+fp/hard\libgcc.a(_fixunsdfdi.o) (__aeabi_d2uiz)
c:/progra~2/gnutoo~1/92019-~1/bin/../lib/gcc/arm-none-eabi/9.2.1/../../../../arm-none-eabi/lib/thumb/v7e-m+fp/hard\libstdc++_nano.a(atexit_arm.o)
                              CMakeFiles/EXE_SensorPT_MEAS_MS5YXX_Imx8M4.elf.dir/i2c/CI2CmasterImx8M4.cpp.obj (__aeabi_atexit)
c:/progra~2/gnutoo~1/92019-~1/bin/../lib/gcc/arm-none-eabi/9.2.1/../../../../arm-none-eabi/lib/thumb/v7e-m+fp/hard\libstdc++_nano.a(del_ops.o)
                              CMakeFiles/EXE_SensorPT_MEAS_MS5YXX_Imx8M4.elf.dir/CTestBuilder.cpp.obj (operator delete(void*, unsigned int))
c:/progra~2/gnutoo~1/92019-~1/bin/../lib/gcc/arm-none-eabi/9.2.1/../../../../arm-none-eabi/lib/thumb/v7e-m+fp/hard\libstdc++_nano.a(guard.o)
                              CMakeFiles/EXE_SensorPT_MEAS_MS5YXX_Imx8M4.elf.dir/RXF/WST_MTSK.cpp.obj (__cxa_guard_acquire)
c:/progra~2/gnutoo~1/92019-~1/bin/../lib/gcc/arm-none-eabi/9.2.1/../../../../arm-none-eabi/lib/thumb/v7e-m+fp/hard\libstdc++_nano.a(new_op.o)
                              CMakeFiles/EXE_SensorPT_MEAS_MS5YXX_Imx8M4.elf.dir/MainEXE_SensorPT_MEAS_MS5YXX_Imx8M4.cpp.obj (operator new(unsigned int))
c:/progra~2/gnutoo~1/92019-~1/bin/../lib/gcc/arm-none-eabi/9.2.1/../../../../arm-none-eabi/lib/thumb/v7e-m+fp/hard\libstdc++_nano.a(pure.o)
                              CMakeFiles/EXE_SensorPT_MEAS_MS5YXX_Imx8M4.elf.dir/CTestBuilder.cpp.obj (__cxa_pure_virtual)
c:/progra~2/gnutoo~1/92019-~1/bin/../lib/gcc/arm-none-eabi/9.2.1/../../../../arm-none-eabi/lib/thumb/v7e-m+fp/hard\libstdc++_nano.a(del_op.o)
[...]
Memory Configuration

Name             Origin             Length             Attributes
m_interrupts     0x1ffe0000         0x00000a00         xr
m_text           0x1ffe0a00         0x0001f600         xr
m_data           0x20000000         0x00020000         rw
m_data2          0x88000000         0x08000000         rw
*default*        0x00000000         0xffffffff

Linker script and memory map

LOAD c:/progra~2/gnutoo~1/92019-~1/bin/../lib/gcc/arm-none-eabi/9.2.1/thumb/v7e-m+fp/hard/crti.o
LOAD c:/progra~2/gnutoo~1/92019-~1/bin/../lib/gcc/arm-none-eabi/9.2.1/thumb/v7e-m+fp/hard/crtbegin.o
LOAD c:/progra~2/gnutoo~1/92019-~1/bin/../lib/gcc/arm-none-eabi/9.2.1/../../../../arm-none-eabi/lib/thumb/v7e-m+fp/hard/crt0.o
                0x0000c000                __stack_size__ = 0xc000
                0x0000c000                __heap_size__ = 0xc000
LOAD CMakeFiles/EXE_SensorPT_MEAS_MS5YXX_Imx8M4.elf.dir/MainEXE_SensorPT_MEAS_MS5YXX_Imx8M4.cpp.obj
LOAD CMakeFiles/EXE_SensorPT_MEAS_MS5YXX_Imx8M4.elf.dir/CTestBuilder.cpp.obj
LOAD CMakeFiles/EXE_SensorPT_MEAS_MS5YXX_Imx8M4.elf.dir/CMS5YXXTester.cpp.obj
LOAD CMakeFiles/EXE_SensorPT_MEAS_MS5YXX_Imx8M4.elf.dir/sensor_pt_meas_ms5YXX/sensor_pt_meas_ms5YXX.cpp.obj
LOAD CMakeFiles/EXE_SensorPT_MEAS_MS5YXX_Imx8M4.elf.dir/sensor_pt_meas_ms5YXX/CMS5YXX.cpp.obj
LOAD CMakeFiles/EXE_SensorPT_MEAS_MS5YXX_Imx8M4.elf.dir/i2c/CI2CmasterDeviceImx8M4.cpp.obj
LOAD CMakeFiles/EXE_SensorPT_MEAS_MS5YXX_Imx8M4.elf.dir/i2c/CI2CmasterImx8M4.cpp.obj
LOAD CMakeFiles/EXE_SensorPT_MEAS_MS5YXX_Imx8M4.elf.dir/RXF/WST_MAIN.cpp.obj
LOAD CMakeFiles/EXE_SensorPT_MEAS_MS5YXX_Imx8M4.elf.dir/RXF/WST_ERR.cpp.obj
LOAD CMakeFiles/EXE_SensorPT_MEAS_MS5YXX_Imx8M4.elf.dir/RXF/WST_EVT.cpp.obj
LOAD CMakeFiles/EXE_SensorPT_MEAS_MS5YXX_Imx8M4.elf.dir/RXF/WST_TSK.cpp.obj
LOAD CMakeFiles/EXE_SensorPT_MEAS_MS5YXX_Imx8M4.elf.dir/RXF/WST_TMR.cpp.obj
LOAD CMakeFiles/EXE_SensorPT_MEAS_MS5YXX_Imx8M4.elf.dir/RXF/WST_TMM.cpp.obj
LOAD CMakeFiles/EXE_SensorPT_MEAS_MS5YXX_Imx8M4.elf.dir/RXF/WST_TMP.cpp.obj
LOAD CMakeFiles/EXE_SensorPT_MEAS_MS5YXX_Imx8M4.elf.dir/RXF/WST_MPL.cpp.obj
LOAD CMakeFiles/EXE_SensorPT_MEAS_MS5YXX_Imx8M4.elf.dir/RXF/WST_FSM.cpp.obj
LOAD CMakeFiles/EXE_SensorPT_MEAS_MS5YXX_Imx8M4.elf.dir/RXF/WST_MTX.cpp.obj
LOAD CMakeFiles/EXE_SensorPT_MEAS_MS5YXX_Imx8M4.elf.dir/RXF/WST_RTOS.cpp.obj
LOAD CMakeFiles/EXE_SensorPT_MEAS_MS5YXX_Imx8M4.elf.dir/RXF/WST_MTSK.cpp.obj
LOAD CMakeFiles/EXE_SensorPT_MEAS_MS5YXX_Imx8M4.elf.dir/X_/dev/products/G6/dev/HardwareAbstraction/MIMX8QX2/base/pin_mux.c.obj
LOAD CMakeFiles/EXE_SensorPT_MEAS_MS5YXX_Imx8M4.elf.dir/X_/dev/products/G6/dev/HardwareAbstraction/MIMX8QX2/base/board.c.obj
LOAD CMakeFiles/EXE_SensorPT_MEAS_MS5YXX_Imx8M4.elf.dir/X_/dev/products/G6/dev/HardwareAbstraction/MIMX8QX2/base/clock_config.c.obj
LOAD CMakeFiles/EXE_SensorPT_MEAS_MS5YXX_Imx8M4.elf.dir/X_/dev/products/G6/dev/HardwareAbstraction/MIMX8QX2/devices/MIMX8QX6/gcc/startup_MIMX8QX6_cm4.S.obj
LOAD CMakeFiles/EXE_SensorPT_MEAS_MS5YXX_Imx8M4.elf.dir/X_/dev/products/G6/dev/HardwareAbstraction/MIMX8QX2/devices/MIMX8QX6/system_MIMX8QX6_cm4.c.obj
LOAD CMakeFiles/EXE_SensorPT_MEAS_MS5YXX_Imx8M4.elf.dir/X_/dev/products/G6/dev/HardwareAbstraction/MIMX8QX2/devices/MIMX8QX6/scfw_api/main/ipc_imx8qx.c.obj
LOAD CMakeFiles/EXE_SensorPT_MEAS_MS5YXX_Imx8M4.elf.dir/X_/dev/products/G6/dev/HardwareAbstraction/MIMX8QX2/devices/MIMX8QX6/scfw_api/svc/irq/irq_rpc_clnt.c.obj
LOAD CMakeFiles/EXE_SensorPT_MEAS_MS5YXX_Imx8M4.elf.dir/X_/dev/products/G6/dev/HardwareAbstraction/MIMX8QX2/devices/MIMX8QX6/scfw_api/svc/misc/misc_rpc_clnt.c.obj
LOAD CMakeFiles/EXE_SensorPT_MEAS_MS5YXX_Imx8M4.elf.dir/X_/dev/products/G6/dev/HardwareAbstraction/MIMX8QX2/devices/MIMX8QX6/scfw_api/svc/pad/pad_rpc_clnt.c.obj
LOAD CMakeFiles/EXE_SensorPT_MEAS_MS5YXX_Imx8M4.elf.dir/X_/dev/products/G6/dev/HardwareAbstraction/MIMX8QX2/devices/MIMX8QX6/scfw_api/svc/pm/pm_rpc_clnt.c.obj
LOAD CMakeFiles/EXE_SensorPT_MEAS_MS5YXX_Imx8M4.elf.dir/X_/dev/products/G6/dev/HardwareAbstraction/MIMX8QX2/devices/MIMX8QX6/scfw_api/svc/rm/rm_rpc_clnt.c.obj
LOAD CMakeFiles/EXE_SensorPT_MEAS_MS5YXX_Imx8M4.elf.dir/X_/dev/products/G6/dev/HardwareAbstraction/MIMX8QX2/devices/MIMX8QX6/scfw_api/svc/timer/timer_rpc_clnt.c.obj
LOAD CMakeFiles/EXE_SensorPT_MEAS_MS5YXX_Imx8M4.elf.dir/X_/dev/products/G6/dev/HardwareAbstraction/MIMX8QX2/devices/MIMX8QX6/drivers/fsl_clock.c.obj
LOAD CMakeFiles/EXE_SensorPT_MEAS_MS5YXX_Imx8M4.elf.dir/X_/dev/products/G6/dev/HardwareAbstraction/MIMX8QX2/devices/MIMX8QX6/drivers/fsl_common.c.obj
LOAD CMakeFiles/EXE_SensorPT_MEAS_MS5YXX_Imx8M4.elf.dir/X_/dev/products/G6/dev/HardwareAbstraction/MIMX8QX2/devices/MIMX8QX6/drivers/fsl_lpuart.c.obj
LOAD CMakeFiles/EXE_SensorPT_MEAS_MS5YXX_Imx8M4.elf.dir/X_/dev/products/G6/dev/HardwareAbstraction/MIMX8QX2/devices/MIMX8QX6/drivers/fsl_gpio.c.obj
LOAD CMakeFiles/EXE_SensorPT_MEAS_MS5YXX_Imx8M4.elf.dir/X_/dev/products/G6/dev/HardwareAbstraction/MIMX8QX2/devices/MIMX8QX6/drivers/fsl_edma.c.obj
LOAD CMakeFiles/EXE_SensorPT_MEAS_MS5YXX_Imx8M4.elf.dir/X_/dev/products/G6/dev/HardwareAbstraction/MIMX8QX2/devices/MIMX8QX6/drivers/fsl_lpspi_edma.c.obj
LOAD CMakeFiles/EXE_SensorPT_MEAS_MS5YXX_Imx8M4.elf.dir/X_/dev/products/G6/dev/HardwareAbstraction/MIMX8QX2/devices/MIMX8QX6/drivers/fsl_irqsteer.c.obj
LOAD CMakeFiles/EXE_SensorPT_MEAS_MS5YXX_Imx8M4.elf.dir/X_/dev/products/G6/dev/HardwareAbstraction/MIMX8QX2/devices/MIMX8QX6/drivers/fsl_lpspi.c.obj
LOAD CMakeFiles/EXE_SensorPT_MEAS_MS5YXX_Imx8M4.elf.dir/X_/dev/products/G6/dev/HardwareAbstraction/MIMX8QX2/devices/MIMX8QX6/drivers/fsl_lpi2c.c.obj
LOAD CMakeFiles/EXE_SensorPT_MEAS_MS5YXX_Imx8M4.elf.dir/X_/dev/products/G6/dev/HardwareAbstraction/MIMX8QX2/devices/MIMX8QX6/drivers/fsl_lpi2c_edma.c.obj
LOAD CMakeFiles/EXE_SensorPT_MEAS_MS5YXX_Imx8M4.elf.dir/X_/dev/products/G6/dev/HardwareAbstraction/MIMX8QX2/devices/MIMX8QX6/utilities/fsl_assert.c.obj
LOAD CMakeFiles/EXE_SensorPT_MEAS_MS5YXX_Imx8M4.elf.dir/X_/dev/products/G6/dev/HardwareAbstraction/MIMX8QX2/devices/MIMX8QX6/utilities/str/fsl_str.c.obj
LOAD CMakeFiles/EXE_SensorPT_MEAS_MS5YXX_Imx8M4.elf.dir/X_/dev/products/G6/dev/HardwareAbstraction/MIMX8QX2/devices/MIMX8QX6/utilities/debug_console/fsl_debug_console.c.obj
LOAD CMakeFiles/EXE_SensorPT_MEAS_MS5YXX_Imx8M4.elf.dir/X_/dev/products/G6/dev/HardwareAbstraction/MIMX8QX2/components/uart/lpuart_adapter.c.obj
LOAD CMakeFiles/EXE_SensorPT_MEAS_MS5YXX_Imx8M4.elf.dir/X_/dev/products/G6/dev/HardwareAbstraction/MIMX8QX2/components/lists/generic_list.c.obj
LOAD CMakeFiles/EXE_SensorPT_MEAS_MS5YXX_Imx8M4.elf.dir/X_/dev/products/G6/dev/HardwareAbstraction/MIMX8QX2/components/serial_manager/serial_manager.c.obj
LOAD CMakeFiles/EXE_SensorPT_MEAS_MS5YXX_Imx8M4.elf.dir/X_/dev/products/G6/dev/HardwareAbstraction/MIMX8QX2/components/serial_manager/serial_port_uart.c.obj
LOAD CMakeFiles/EXE_SensorPT_MEAS_MS5YXX_Imx8M4.elf.dir/X_/dev/products/G6/dev/HardwareAbstraction/MIMX8QX2/rtos/amazon-freertos/freertos_kernel/list.c.obj
LOAD CMakeFiles/EXE_SensorPT_MEAS_MS5YXX_Imx8M4.elf.dir/X_/dev/products/G6/dev/HardwareAbstraction/MIMX8QX2/rtos/amazon-freertos/freertos_kernel/tasks.c.obj
LOAD CMakeFiles/EXE_SensorPT_MEAS_MS5YXX_Imx8M4.elf.dir/X_/dev/products/G6/dev/HardwareAbstraction/MIMX8QX2/rtos/amazon-freertos/freertos_kernel/timers.c.obj
LOAD CMakeFiles/EXE_SensorPT_MEAS_MS5YXX_Imx8M4.elf.dir/X_/dev/products/G6/dev/HardwareAbstraction/MIMX8QX2/rtos/amazon-freertos/freertos_kernel/queue.c.obj
LOAD CMakeFiles/EXE_SensorPT_MEAS_MS5YXX_Imx8M4.elf.dir/X_/dev/products/G6/dev/HardwareAbstraction/MIMX8QX2/rtos/amazon-freertos/freertos_kernel/event_groups.c.obj
LOAD CMakeFiles/EXE_SensorPT_MEAS_MS5YXX_Imx8M4.elf.dir/X_/dev/products/G6/dev/HardwareAbstraction/MIMX8QX2/rtos/amazon-freertos/freertos_kernel/stream_buffer.c.obj
LOAD CMakeFiles/EXE_SensorPT_MEAS_MS5YXX_Imx8M4.elf.dir/X_/dev/products/G6/dev/HardwareAbstraction/MIMX8QX2/rtos/amazon-freertos/freertos_kernel/portable/MemMang/heap_4.c.obj
LOAD CMakeFiles/EXE_SensorPT_MEAS_MS5YXX_Imx8M4.elf.dir/X_/dev/products/G6/dev/HardwareAbstraction/MIMX8QX2/rtos/amazon-freertos/freertos_kernel/portable/GCC/ARM_CM4F/port.c.obj
START GROUP
LOAD c:/progra~2/gnutoo~1/92019-~1/bin/../lib/gcc/arm-none-eabi/9.2.1/thumb/v7e-m+fp/hard\libgcc.a
LOAD c:/progra~2/gnutoo~1/92019-~1/bin/../lib/gcc/arm-none-eabi/9.2.1/../../../../arm-none-eabi/lib/thumb/v7e-m+fp/hard\libnosys.a
END GROUP
LOAD c:/progra~2/gnutoo~1/92019-~1/bin/../lib/gcc/arm-none-eabi/9.2.1/../../../../arm-none-eabi/lib/thumb/v7e-m+fp/hard\libstdc++_nano.a
LOAD c:/progra~2/gnutoo~1/92019-~1/bin/../lib/gcc/arm-none-eabi/9.2.1/../../../../arm-none-eabi/lib/thumb/v7e-m+fp/hard\libm.a
LOAD c:/progra~2/gnutoo~1/92019-~1/bin/../lib/gcc/arm-none-eabi/9.2.1/../../../../arm-none-eabi/lib/thumb/v7e-m+fp/hard\libc_nano.a
START GROUP
LOAD c:/progra~2/gnutoo~1/92019-~1/bin/../lib/gcc/arm-none-eabi/9.2.1/thumb/v7e-m+fp/hard\libgcc.a
LOAD c:/progra~2/gnutoo~1/92019-~1/bin/../lib/gcc/arm-none-eabi/9.2.1/../../../../arm-none-eabi/lib/thumb/v7e-m+fp/hard\libg_nano.a
LOAD c:/progra~2/gnutoo~1/92019-~1/bin/../lib/gcc/arm-none-eabi/9.2.1/../../../../arm-none-eabi/lib/thumb/v7e-m+fp/hard\libc_nano.a
END GROUP
START GROUP
LOAD c:/progra~2/gnutoo~1/92019-~1/bin/../lib/gcc/arm-none-eabi/9.2.1/thumb/v7e-m+fp/hard\libgcc.a
LOAD c:/progra~2/gnutoo~1/92019-~1/bin/../lib/gcc/arm-none-eabi/9.2.1/../../../../arm-none-eabi/lib/thumb/v7e-m+fp/hard\libc_nano.a
LOAD c:/progra~2/gnutoo~1/92019-~1/bin/../lib/gcc/arm-none-eabi/9.2.1/../../../../arm-none-eabi/lib/thumb/v7e-m+fp/hard\libnosys.a
END GROUP
START GROUP
LOAD c:/progra~2/gnutoo~1/92019-~1/bin/../lib/gcc/arm-none-eabi/9.2.1/thumb/v7e-m+fp/hard\libgcc.a
LOAD c:/progra~2/gnutoo~1/92019-~1/bin/../lib/gcc/arm-none-eabi/9.2.1/../../../../arm-none-eabi/lib/thumb/v7e-m+fp/hard\libc_nano.a
LOAD c:/progra~2/gnutoo~1/92019-~1/bin/../lib/gcc/arm-none-eabi/9.2.1/../../../../arm-none-eabi/lib/thumb/v7e-m+fp/hard\libnosys.a
END GROUP
LOAD c:/progra~2/gnutoo~1/92019-~1/bin/../lib/gcc/arm-none-eabi/9.2.1/thumb/v7e-m+fp/hard/crtend.o
LOAD c:/progra~2/gnutoo~1/92019-~1/bin/../lib/gcc/arm-none-eabi/9.2.1/thumb/v7e-m+fp/hard/crtn.o
                0x0000c000                HEAP_SIZE = DEFINED (__heap_size__)?__heap_size__:0x400
                0x0000c000                STACK_SIZE = DEFINED (__stack_size__)?__stack_size__:0x400

.interrupts     0x1ffe0000      0xa00
                0x1ffe0000                . = ALIGN (0x8)
 *(.isr_vector)
 .isr_vector    0x1ffe0000      0xa00 CMakeFiles/EXE_SensorPT_MEAS_MS5YXX_Imx8M4.elf.dir/X_/dev/products/G6/dev/HardwareAbstraction/MIMX8QX2/devices/MIMX8QX6/gcc/startup_MIMX8QX6_cm4.S.obj
                0x1ffe0000                __isr_vector
                0x1ffe0a00                . = ALIGN (0x8)

.text           0x1ffe0a00    0x11d60
                0x1ffe0a00                . = ALIGN (0x8)
 *(.text)
 .text          0x1ffe0a00       0x40 c:/progra~2/gnutoo~1/92019-~1/bin/../lib/gcc/arm-none-eabi/9.2.1/thumb/v7e-m+fp/hard/crtbegin.o
 .text          0x1ffe0a40       0x74 c:/progra~2/gnutoo~1/92019-~1/bin/../lib/gcc/arm-none-eabi/9.2.1/../../../../arm-none-eabi/lib/thumb/v7e-m+fp/hard/crt0.o
                0x1ffe0a40                _start
                0x1ffe0a40                _mainCRTStartup
 .text          0x1ffe0ab4      0x560 CMakeFiles/EXE_SensorPT_MEAS_MS5YXX_Imx8M4.elf.dir/X_/dev/products/G6/dev/HardwareAbstraction/MIMX8QX2/devices/MIMX8QX6/gcc/startup_MIMX8QX6_cm4.S.obj
                0x1ffe0ab4                Reset_Handler
                0x1ffe0b74                IMAGING_PDMA_STREAM7_INT_DriverIRQHandler
                0x1ffe0b74                Reserved96_IRQHandler
                0x1ffe0b74                IMAGING_MJPEG_DEC2_INT_IRQHandler
                0x1ffe0b74                CONNECTIVITY_USB3_INT_IRQHandler
                0x1ffe0b74                LSIO_MU10_INT_B_IRQHandler
                0x1ffe0b74                Reserved113_IRQHandler
                0x1ffe0b74                Reserved512_IRQHandler
                0x1ffe0b74                ADMA_FLEXCAN2_MOD_INT_DriverIRQHandler
                0x1ffe0b74                CONNECTIVITY_USDHC1_INT_DriverIRQHandler
                0x1ffe0b74                Reserved134_IRQHandler
                0x1ffe0b74                ADMA_GPT3_INT_DriverIRQHandler
                0x1ffe0b74                LSIO_MU2_INT_IRQHandler
                0x1ffe0b74                Reserved16_IRQHandler
                0x1ffe0b74                Reserved576_IRQHandler
                0x1ffe0b74                ADMA_ADC0_INT_DriverIRQHandler
                0x1ffe0b74                Reserved448_IRQHandler
                0x1ffe0b74                Reserved111_IRQHandler
                0x1ffe0b74                DebugMon_Handler
                0x1ffe0b74                Reserved178_IRQHandler
                0x1ffe0b74                HSIO_PCIEB_INT_C_IRQHandler
                0x1ffe0b74                Reserved88_IRQHandler
                0x1ffe0b74                DRC_SBR_DONE_INT_IRQHandler
                0x1ffe0b74                Reserved243_IRQHandler
                0x1ffe0b74                SECURITY_MU2_A_INT_IRQHandler
                0x1ffe0b74                M4_MU0_B3_IRQHandler
                0x1ffe0b74                Reserved602_IRQHandler
                0x1ffe0b74                ADMA_SPDIF0_RX_MOD_INT_DriverIRQHandler
                0x1ffe0b74                Reserved347_IRQHandler
                0x1ffe0b74                Reserved153_IRQHandler
                0x1ffe0b74                DISPLAY0_INT_OUT1_IRQHandler
                0x1ffe0b74                ADMA_I2C2_MOD_INT_DriverIRQHandler
                0x1ffe0b74                ADMA_SAI2_INT_DriverIRQHandler
                0x1ffe0b74                ADMA_SPDIF0_TX_INT_DriverIRQHandler
                0x1ffe0b74                Reserved466_IRQHandler
                0x1ffe0b74                LSIO_MU13_INT_B_IRQHandler
                0x1ffe0b74                ADMA_UART1_MOD_INT_DriverIRQHandler
                0x1ffe0b74                HSIO_PCIEB_DMA_INT_DriverIRQHandler
                0x1ffe0b74                Reserved76_IRQHandler
                0x1ffe0b74                Reserved86_IRQHandler
                0x1ffe0b74                Reserved295_IRQHandler
                0x1ffe0b74                Reserved506_IRQHandler
                0x1ffe0b74                LSIO_PWM1_INT_IRQHandler
                0x1ffe0b74                Reserved248_IRQHandler
                0x1ffe0b74                Reserved85_IRQHandler
                0x1ffe0b74                Reserved64_IRQHandler
                0x1ffe0b74                Reserved376_IRQHandler
                0x1ffe0b74                Reserved234_IRQHandler
                0x1ffe0b74                Reserved225_IRQHandler
                0x1ffe0b74                ADMA_ESAI0_INT_DriverIRQHandler
                0x1ffe0b74                M4_INTMUX_SOURCE_MU0_A2_DriverIRQHandler
                0x1ffe0b74                ADMA_SAI1_MOD_INT_DriverIRQHandler
                0x1ffe0b74                Reserved188_IRQHandler
                0x1ffe0b74                Reserved545_IRQHandler
                0x1ffe0b74                Reserved103_IRQHandler
                0x1ffe0b74                ADMA_SAI3_INT_DriverIRQHandler
                0x1ffe0b74                Reserved572_IRQHandler
                0x1ffe0b74                IMAGING_MJPEG_DEC1_INT_IRQHandler
                0x1ffe0b74                Reserved584_IRQHandler
                0x1ffe0b74                Reserved308_IRQHandler
                0x1ffe0b74                ADMA_ESAI0_MOD_INT_DriverIRQHandler
                0x1ffe0b74                ADMA_SAI3_MOD_INT_DriverIRQHandler
                0x1ffe0b74                Reserved293_IRQHandler
                0x1ffe0b74                Reserved114_IRQHandler
                0x1ffe0b74                SCU_INT_OUT2_IRQHandler
                0x1ffe0b74                CONNECTIVITY_ENET1_TIMER_INT_DriverIRQHandler
                0x1ffe0b74                Reserved349_IRQHandler
                0x1ffe0b74                Reserved380_IRQHandler
                0x1ffe0b74                ADMA_I2C3_MOD_INT_DriverIRQHandler
                0x1ffe0b74                LSIO_MU6_INT_B_IRQHandler
                0x1ffe0b74                Reserved604_IRQHandler
                0x1ffe0b74                SCU_INT_OUT4_IRQHandler
                0x1ffe0b74                Reserved19_IRQHandler
                0x1ffe0b74                LSIO_GPIO_INT3_IRQHandler
                0x1ffe0b74                Reserved578_IRQHandler
                0x1ffe0b74                LSIO_MU8_INT_A_IRQHandler
                0x1ffe0b74                Reserved74_IRQHandler
                0x1ffe0b74                Reserved89_IRQHandler
                0x1ffe0b74                LSIO_KPP_INT_IRQHandler
                0x1ffe0b74                LSIO_MU5_INT_B_IRQHandler
                0x1ffe0b74                Reserved59_IRQHandler
                0x1ffe0b74                ADMA_SAI0_INT_DriverIRQHandler
                0x1ffe0b74                Reserved79_IRQHandler
                0x1ffe0b74                Reserved137_IRQHandler
                0x1ffe0b74                DISPLAY0_INT_OUT9_IRQHandler
                0x1ffe0b74                LSIO_MU11_INT_B_IRQHandler
                0x1ffe0b74                LCD_PWM_INT_IRQHandler
                0x1ffe0b74                Reserved29_IRQHandler
                0x1ffe0b74                Reserved272_IRQHandler
                0x1ffe0b74                IMAGING_PDMA_STREAM3_INT_DriverIRQHandler
                0x1ffe0b74                Reserved263_IRQHandler
                0x1ffe0b74                SCU_SYS_COUNT_INT3_IRQHandler
                0x1ffe0b74                M4_INTMUX_SOURCE_LPIT_DriverIRQHandler
                0x1ffe0b74                Reserved571_IRQHandler
                0x1ffe0b74                Reserved281_IRQHandler
                0x1ffe0b74                ADMA_FLEXCAN1_INT_DriverIRQHandler
                0x1ffe0b74                ADMA_UART3_MOD_INT_DriverIRQHandler
                0x1ffe0b74                LSIO_GPIO_INT2_IRQHandler
                0x1ffe0b74                SECURITY_MU1_A_INT_IRQHandler
                0x1ffe0b74                Reserved309_IRQHandler
                0x1ffe0b74                DISPLAY0_INT_OUT2_IRQHandler
                0x1ffe0b74                Reserved68_IRQHandler
                0x1ffe0b74                LSIO_GPIO_INT4_IRQHandler
                0x1ffe0b74                IMAGING_MJPEG_DEC0_INT_IRQHandler
                0x1ffe0b74                Reserved77_IRQHandler
                0x1ffe0b74                Reserved559_IRQHandler
                0x1ffe0b74                Reserved424_IRQHandler
                0x1ffe0b74                Reserved560_IRQHandler
                0x1ffe0b74                Reserved84_IRQHandler
                0x1ffe0b74                Reserved381_IRQHandler
                0x1ffe0b74                LSIO_MU4_INT_IRQHandler
                0x1ffe0b74                Reserved328_IRQHandler
                0x1ffe0b74                Reserved426_IRQHandler
                0x1ffe0b74                Reserved450_IRQHandler
                0x1ffe0b74                Reserved155_IRQHandler
                0x1ffe0b74                Reserved568_IRQHandler
                0x1ffe0b74                CONNECTIVITY_ENET1_FRAME2_INT_DriverIRQHandler
                0x1ffe0b74                Reserved157_IRQHandler
                0x1ffe0b74                IMAGING_MJPEG_ENC3_INT_IRQHandler
                0x1ffe0b74                Reserved92_IRQHandler
                0x1ffe0b74                ADMA_SAI4_INT_DriverIRQHandler
                0x1ffe0b74                ADMA_I2C0_MOD_INT_DriverIRQHandler
                0x1ffe0b74                M4_MU0_B1_IRQHandler
                0x1ffe0b74                IMAGING_PDMA_STREAM5_INT_DriverIRQHandler
                0x1ffe0b74                Reserved42_IRQHandler
                0x1ffe0b74                Reserved348_IRQHandler
                0x1ffe0b74                Reserved36_IRQHandler
                0x1ffe0b74                Reserved22_IRQHandler
                0x1ffe0b74                CONNECTIVITY_ENET1_FRAME1_INT_DriverIRQHandler
                0x1ffe0b74                ADMA_FTM0_INT_DriverIRQHandler
                0x1ffe0b74                SCU_INT_OUT3_IRQHandler
                0x1ffe0b74                Reserved75_IRQHandler
                0x1ffe0b74                DRC_ECC_NCORRECT_INT_IRQHandler
                0x1ffe0b74                Reserved280_IRQHandler
                0x1ffe0b74                ADMA_GPT0_INT_DriverIRQHandler
                0x1ffe0b74                IMAGING_PDMA_STREAM1_INT_DriverIRQHandler
                0x1ffe0b74                LSIO_MU7_INT_A_IRQHandler
                0x1ffe0b74                Reserved268_IRQHandler
                0x1ffe0b74                LSIO_PWM2_INT_IRQHandler
                0x1ffe0b74                ADMA_SAI5_INT_DriverIRQHandler
                0x1ffe0b74                Reserved589_IRQHandler
                0x1ffe0b74                Reserved176_IRQHandler
                0x1ffe0b74                Reserved294_IRQHandler
                0x1ffe0b74                ADMA_FLEXCAN2_INT_DriverIRQHandler
                0x1ffe0b74                Reserved233_IRQHandler
                0x1ffe0b74                ADMA_UART2_MOD_INT_DriverIRQHandler
                0x1ffe0b74                Reserved596_IRQHandler
                0x1ffe0b74                Reserved224_IRQHandler
                0x1ffe0b74                Reserved489_IRQHandler
                0x1ffe0b74                Reserved39_IRQHandler
                0x1ffe0b74                Reserved427_IRQHandler
                0x1ffe0b74                Reserved310_IRQHandler
                0x1ffe0b74                DRC_PERF_CNT_INT_IRQHandler
                0x1ffe0b74                HSIO_PCIEB_CLK_REQ_INT_IRQHandler
                0x1ffe0b74                VPU_VPU_INT_0_IRQHandler
                0x1ffe0b74                Reserved457_IRQHandler
                0x1ffe0b74                UsageFault_Handler
                0x1ffe0b74                Reserved562_IRQHandler
                0x1ffe0b74                ADMA_ASRC0_INT2_DriverIRQHandler
                0x1ffe0b74                Reserved265_IRQHandler
                0x1ffe0b74                LSIO_MU9_INT_A_IRQHandler
                0x1ffe0b74                Reserved330_IRQHandler
                0x1ffe0b74                Reserved593_IRQHandler
                0x1ffe0b74                Reserved156_IRQHandler
                0x1ffe0b74                M4_INTMUX_SOURCE_TPM_DriverIRQHandler
                0x1ffe0b74                LSIO_MU11_INT_A_IRQHandler
                0x1ffe0b74                Reserved57_IRQHandler
                0x1ffe0b74                DRC_ECC_CORRECT_INT_IRQHandler
                0x1ffe0b74                Reserved257_IRQHandler
                0x1ffe0b74                ADMA_SPI0_MOD_INT_DriverIRQHandler
                0x1ffe0b74                Reserved433_IRQHandler
                0x1ffe0b74                Reserved383_IRQHandler
                0x1ffe0b74                Reserved500_IRQHandler
                0x1ffe0b74                ADMA_FLEXCAN1_MOD_INT_DriverIRQHandler
                0x1ffe0b74                Reserved388_IRQHandler
                0x1ffe0b74                VPU_VPU_INT_1_IRQHandler
                0x1ffe0b74                DefaultISR
                0x1ffe0b74                CONNECTIVITY_ND_FLASH_BCH_INT_IRQHandler
                0x1ffe0b74                Reserved250_IRQHandler
                0x1ffe0b74                Reserved34_IRQHandler
                0x1ffe0b74                Reserved58_IRQHandler
                0x1ffe0b74                Reserved395_IRQHandler
                0x1ffe0b74                DISPLAY0_RESERVED_IRQHandler
                0x1ffe0b74                Reserved264_IRQHandler
                0x1ffe0b74                Reserved261_IRQHandler
                0x1ffe0b74                ADMA_SPI2_MOD_INT_DriverIRQHandler
                0x1ffe0b74                Reserved392_IRQHandler
                0x1ffe0b74                Reserved93_IRQHandler
                0x1ffe0b74                Reserved87_IRQHandler
                0x1ffe0b74                Reserved82_IRQHandler
                0x1ffe0b74                BusFault_Handler
                0x1ffe0b74                Reserved25_IRQHandler
                0x1ffe0b74                Reserved298_IRQHandler
                0x1ffe0b74                Reserved24_IRQHandler
                0x1ffe0b74                Reserved582_IRQHandler
                0x1ffe0b74                Reserved581_IRQHandler
                0x1ffe0b74                Reserved129_IRQHandler
                0x1ffe0b74                Reserved591_IRQHandler
                0x1ffe0b74                Reserved267_IRQHandler
                0x1ffe0b74                Reserved71_IRQHandler
                0x1ffe0b74                LSIO_PWM4_INT_IRQHandler
                0x1ffe0b74                Reserved177_IRQHandler
                0x1ffe0b74                MIPI_DSI1_INT_OUT_IRQHandler
                0x1ffe0b74                DISPLAY0_INT_OUT0_IRQHandler
                0x1ffe0b74                Reserved69_IRQHandler
                0x1ffe0b74                Reserved132_IRQHandler
                0x1ffe0b74                DISPLAY0_INT_OUT12_IRQHandler
                0x1ffe0b74                Reserved465_IRQHandler
                0x1ffe0b74                Reserved56_IRQHandler
                0x1ffe0b74                SCU_SYS_COUNT_INT2_IRQHandler
                0x1ffe0b74                Reserved33_IRQHandler
                0x1ffe0b74                ADMA_GPT4_INT_DriverIRQHandler
                0x1ffe0b74                ADMA_SPDIF0_TX_MOD_INT_DriverIRQHandler
                0x1ffe0b74                Reserved253_IRQHandler
                0x1ffe0b74                M4_INT_OUT0_IRQHandler
                0x1ffe0b74                Reserved449_IRQHandler
                0x1ffe0b74                Reserved164_IRQHandler
                0x1ffe0b74                SECURITY_CAAM_INT1_IRQHandler
                0x1ffe0b74                Reserved274_IRQHandler
                0x1ffe0b74                Reserved70_IRQHandler
                0x1ffe0b74                Reserved350_IRQHandler
                0x1ffe0b74                HSIO_PCIEB_MSI_CTRL_INT_IRQHandler
                0x1ffe0b74                SECURITY_CAAM_INT3_IRQHandler
                0x1ffe0b74                LSIO_GPT0_INT_IRQHandler
                0x1ffe0b74                Reserved590_IRQHandler
                0x1ffe0b74                M4_INT_OUT4_IRQHandler
                0x1ffe0b74                CONNECTIVITY_MLB_INT_IRQHandler
                0x1ffe0b74                SCU_SYS_COUNT_INT0_IRQHandler
                0x1ffe0b74                Reserved351_IRQHandler
                0x1ffe0b74                Reserved329_IRQHandler
                0x1ffe0b74                ADMA_SAI0_MOD_INT_DriverIRQHandler
                0x1ffe0b74                Reserved377_IRQHandler
                0x1ffe0b74                MIPI_CSI0_OUT_INT_IRQHandler
                0x1ffe0b74                LSIO_GPIO_INT0_IRQHandler
                0x1ffe0b74                LSIO_GPT3_INT_IRQHandler
                0x1ffe0b74                Reserved40_IRQHandler
                0x1ffe0b74                Reserved232_IRQHandler
                0x1ffe0b74                Reserved389_IRQHandler
                0x1ffe0b74                Reserved247_IRQHandler
                0x1ffe0b74                HSIO_PCIEB_INT_D_IRQHandler
                0x1ffe0b74                MIPI_DSI0_INT_OUT_IRQHandler
                0x1ffe0b74                LSIO_PWM5_INT_IRQHandler
                0x1ffe0b74                Reserved507_IRQHandler
                0x1ffe0b74                HSIO_PCIEB_SMLH_REQ_RST_IRQHandler
                0x1ffe0b74                LSIO_GPIO_INT5_IRQHandler
                0x1ffe0b74                ADMA_FLEXCAN0_MOD_INT_DriverIRQHandler
                0x1ffe0b74                Reserved510_IRQHandler
                0x1ffe0b74                CONNECTIVITY_ENET0_FRAME0_EVENT_INT_DriverIRQHandler
                0x1ffe0b74                DISPLAY0_INT_OUT10_IRQHandler
                0x1ffe0b74                Reserved63_IRQHandler
                0x1ffe0b74                Reserved128_IRQHandler
                0x1ffe0b74                Reserved18_IRQHandler
                0x1ffe0b74                Reserved78_IRQHandler
                0x1ffe0b74                Reserved44_IRQHandler
                0x1ffe0b74                LSIO_OCTASPI0_INT_DriverIRQHandler
                0x1ffe0b74                Reserved501_IRQHandler
                0x1ffe0b74                Reserved124_IRQHandler
                0x1ffe0b74                IMAGING_PDMA_STREAM2_INT_DriverIRQHandler
                0x1ffe0b74                CONNECTIVITY_DMA_INT_DriverIRQHandler
                0x1ffe0b74                Reserved606_IRQHandler
                0x1ffe0b74                Reserved95_IRQHandler
                0x1ffe0b74                Reserved543_IRQHandler
                0x1ffe0b74                LSIO_PWM6_INT_IRQHandler
                0x1ffe0b74                Reserved384_IRQHandler
                0x1ffe0b74                Reserved353_IRQHandler
                0x1ffe0b74                LSIO_GPT1_INT_IRQHandler
                0x1ffe0b74                Reserved27_IRQHandler
                0x1ffe0b74                Reserved154_IRQHandler
                0x1ffe0b74                LSIO_GPIO_INT1_IRQHandler
                0x1ffe0b74                LSIO_GPIO_INT6_IRQHandler
                0x1ffe0b74                Reserved80_IRQHandler
                0x1ffe0b74                LSIO_MU12_INT_A_IRQHandler
                0x1ffe0b74                Reserved544_IRQHandler
                0x1ffe0b74                Reserved28_IRQHandler
                0x1ffe0b74                CONNECTIVITY_ENET1_FRAME0_EVENT_INT_DriverIRQHandler
                0x1ffe0b74                Reserved126_IRQHandler
                0x1ffe0b74                Reserved561_IRQHandler
                0x1ffe0b74                IMAGING_PDMA_STREAM6_INT_DriverIRQHandler
                0x1ffe0b74                Reserved292_IRQHandler
                0x1ffe0b74                M4_TPM_IRQHandler
                0x1ffe0b74                Reserved256_IRQHandler
                0x1ffe0b74                DISPLAY0_INT_OUT3_IRQHandler
                0x1ffe0b74                Reserved170_IRQHandler
                0x1ffe0b74                ADMA_SAI4_MOD_INT_DriverIRQHandler
                0x1ffe0b74                Reserved252_IRQHandler
                0x1ffe0b74                Reserved175_IRQHandler
                0x1ffe0b74                M4_SW_IRQHandler
                0x1ffe0b74                Reserved579_IRQHandler
                0x1ffe0b74                SECURITY_MU3_A_INT_IRQHandler
                0x1ffe0b74                ADMA_I2C4_INT_DriverIRQHandler
                0x1ffe0b74                IMAGING_MSI_INT_IRQHandler
                0x1ffe0b74                Reserved532_IRQHandler
                0x1ffe0b74                Reserved297_IRQHandler
                0x1ffe0b74                LSIO_GPIO_INT7_IRQHandler
                0x1ffe0b74                Reserved172_IRQHandler
                0x1ffe0b74                M4_MU0_B0_IRQHandler
                0x1ffe0b74                M4_INT_OUT3_IRQHandler
                0x1ffe0b74                Reserved108_IRQHandler
                0x1ffe0b74                M4_MCM_IRQHandler
                0x1ffe0b74                ADMA_FTM0_MOD_INT_DriverIRQHandler
                0x1ffe0b74                ADMA_SAI1_INT_DriverIRQHandler
                0x1ffe0b74                M4_INTMUX_SOURCE_LPI2C_DriverIRQHandler
                0x1ffe0b74                LSIO_MU8_INT_B_IRQHandler
                0x1ffe0b74                Reserved72_IRQHandler
                0x1ffe0b74                ADMA_ASRC0_INT1_DriverIRQHandler
                0x1ffe0b74                Reserved585_IRQHandler
                0x1ffe0b74                Reserved259_IRQHandler
                0x1ffe0b74                Reserved296_IRQHandler
                0x1ffe0b74                DISPLAY0_INT_OUT4_IRQHandler
                0x1ffe0b74                Reserved110_IRQHandler
                0x1ffe0b74                Reserved187_IRQHandler
                0x1ffe0b74                Reserved412_IRQHandler
                0x1ffe0b74                DISPLAY0_INT_OUT11_IRQHandler
                0x1ffe0b74                Reserved174_IRQHandler
                0x1ffe0b74                Reserved603_IRQHandler
                0x1ffe0b74                SCU_INT_OUT5_IRQHandler
                0x1ffe0b74                Reserved382_IRQHandler
                0x1ffe0b74                LSIO_OCTASPI1_INT_DriverIRQHandler
                0x1ffe0b74                Reserved20_IRQHandler
                0x1ffe0b74                Reserved249_IRQHandler
                0x1ffe0b74                Reserved107_IRQHandler
                0x1ffe0b74                Reserved352_IRQHandler
                0x1ffe0b74                LSIO_PWM0_INT_IRQHandler
                0x1ffe0b74                Reserved577_IRQHandler
                0x1ffe0b74                Reserved37_IRQHandler
                0x1ffe0b74                CONNECTIVITY_USB_OTG_INT_IRQHandler
                0x1ffe0b74                Reserved173_IRQHandler
                0x1ffe0b74                LSIO_MU12_INT_B_IRQHandler
                0x1ffe0b74                ADMA_SPI3_MOD_INT_DriverIRQHandler
                0x1ffe0b74                Reserved125_IRQHandler
                0x1ffe0b74                ADMA_ASRC1_INT2_DriverIRQHandler
                0x1ffe0b74                ADMA_SPI1_MOD_INT_DriverIRQHandler
                0x1ffe0b74                M4_INTMUX_SOURCE_LPUART_DriverIRQHandler
                0x1ffe0b74                IMAGING_MJPEG_DEC3_INT_IRQHandler
                0x1ffe0b74                M4_INTMUX_SOURCE_MU0_A1_DriverIRQHandler
                0x1ffe0b74                ADMA_ADC0_MOD_INT_DriverIRQHandler
                0x1ffe0b74                Reserved592_IRQHandler
                0x1ffe0b74                Reserved313_IRQHandler
                0x1ffe0b74                Reserved98_IRQHandler
                0x1ffe0b74                Reserved17_IRQHandler
                0x1ffe0b74                CONNECTIVITY_USDHC2_INT_DriverIRQHandler
                0x1ffe0b74                CONNECTIVITY_ND_FLASH_GPMI_INT_IRQHandler
                0x1ffe0b74                Reserved312_IRQHandler
                0x1ffe0b74                ADMA_FTM1_INT_DriverIRQHandler
                0x1ffe0b74                Reserved106_IRQHandler
                0x1ffe0b74                IMAGING_PDMA_STREAM4_INT_DriverIRQHandler
                0x1ffe0b74                Reserved189_IRQHandler
                0x1ffe0b74                Reserved443_IRQHandler
                0x1ffe0b74                Reserved575_IRQHandler
                0x1ffe0b74                SCU_INT_OUT6_IRQHandler
                0x1ffe0b74                Reserved595_IRQHandler
                0x1ffe0b74                Reserved47_IRQHandler
                0x1ffe0b74                Reserved271_IRQHandler
                0x1ffe0b74                Reserved258_IRQHandler
                0x1ffe0b74                Reserved102_IRQHandler
                0x1ffe0b74                M4_INT_OUT5_IRQHandler
                0x1ffe0b74                Reserved601_IRQHandler
                0x1ffe0b74                IMAGING_PDMA_STREAM0_INT_DriverIRQHandler
                0x1ffe0b74                Reserved385_IRQHandler
                0x1ffe0b74                LSIO_MU6_INT_A_IRQHandler
                0x1ffe0b74                Reserved599_IRQHandler
                0x1ffe0b74                CONNECTIVITY_UTMI_INT_IRQHandler
                0x1ffe0b74                Reserved32_IRQHandler
                0x1ffe0b74                LSIO_MU9_INT_B_IRQHandler
                0x1ffe0b74                Reserved311_IRQHandler
                0x1ffe0b74                Reserved354_IRQHandler
                0x1ffe0b74                Reserved542_IRQHandler
                0x1ffe0b74                Reserved190_IRQHandler
                0x1ffe0b74                SCU_INT_OUT0_IRQHandler
                0x1ffe0b74                Reserved169_IRQHandler
                0x1ffe0b74                Reserved231_IRQHandler
                0x1ffe0b74                VPU_VPU_INT_2_IRQHandler
                0x1ffe0b74                Reserved282_IRQHandler
                0x1ffe0b74                Reserved260_IRQHandler
                0x1ffe0b74                DISPLAY0_INT_OUT5_IRQHandler
                0x1ffe0b74                Reserved386_IRQHandler
                0x1ffe0b74                Reserved513_IRQHandler
                0x1ffe0b74                DISPLAY0_INT_OUT6_IRQHandler
                0x1ffe0b74                Reserved594_IRQHandler
                0x1ffe0b74                Reserved105_IRQHandler
                0x1ffe0b74                SECURITY_CAAM_RTIC_INT_IRQHandler
                0x1ffe0b74                Reserved573_IRQHandler
                0x1ffe0b74                SCU_INT_OUT1_IRQHandler
                0x1ffe0b74                ADMA_UART0_MOD_INT_DriverIRQHandler
                0x1ffe0b74                Reserved269_IRQHandler
                0x1ffe0b74                Reserved570_IRQHandler
                0x1ffe0b74                LSIO_GPT4_INT_IRQHandler
                0x1ffe0b74                Reserved186_IRQHandler
                0x1ffe0b74                IMAGING_MJPEG_ENC0_INT_IRQHandler
                0x1ffe0b74                Reserved104_IRQHandler
                0x1ffe0b74                CONNECTIVITY_ENET0_TIMER_INT_DriverIRQHandler
                0x1ffe0b74                SCU_SYS_COUNT_INT1_IRQHandler
                0x1ffe0b74                LSIO_MU3_INT_IRQHandler
                0x1ffe0b74                Reserved531_IRQHandler
                0x1ffe0b74                Reserved31_IRQHandler
                0x1ffe0b74                Reserved546_IRQHandler
                0x1ffe0b74                LSIO_MU10_INT_A_IRQHandler
                0x1ffe0b74                Reserved101_IRQHandler
                0x1ffe0b74                Reserved223_IRQHandler
                0x1ffe0b74                HSIO_PCIEB_GPIO_WAKEUP0_IRQHandler
                0x1ffe0b74                SCU_INT_OUT7_IRQHandler
                0x1ffe0b74                Reserved569_IRQHandler
                0x1ffe0b74                CONNECTIVITY_USDHC0_INT_DriverIRQHandler
                0x1ffe0b74                ADMA_FTM1_MOD_INT_DriverIRQHandler
                0x1ffe0b74                ADMA_ASRC1_INT1_DriverIRQHandler
                0x1ffe0b74                HSIO_PCIEB_GPIO_WAKEUP1_IRQHandler
                0x1ffe0b74                Reserved135_IRQHandler
                0x1ffe0b74                IMAGING_MJPEG_ENC1_INT_IRQHandler
                0x1ffe0b74                CONNECTIVITY_USB_HOST_INT_IRQHandler
                0x1ffe0b74                A35_NEXTERRIRQ_IRQHandler
                0x1ffe0b74                CONNECTIVITY_ENET0_FRAME1_INT_DriverIRQHandler
                0x1ffe0b74                M4_INT_OUT2_IRQHandler
                0x1ffe0b74                CONNECTIVITY_ENET0_FRAME2_INT_DriverIRQHandler
                0x1ffe0b74                M4_INT_OUT6_IRQHandler
                0x1ffe0b74                ADMA_SPDIF0_RX_INT_DriverIRQHandler
                0x1ffe0b74                Reserved600_IRQHandler
                0x1ffe0b74                SECURITY_CAAM_INT2_IRQHandler
                0x1ffe0b74                Reserved130_IRQHandler
                0x1ffe0b74                M4_LPIT_IRQHandler
                0x1ffe0b74                Reserved511_IRQHandler
                0x1ffe0b74                Reserved393_IRQHandler
                0x1ffe0b74                LSIO_MU13_INT_A_IRQHandler
                0x1ffe0b74                CONNECTIVITY_MLB_AHB_INT_IRQHandler
                0x1ffe0b74                MemManage_Handler
                0x1ffe0b74                Reserved90_IRQHandler
                0x1ffe0b74                HSIO_PCIEB_INT_B_IRQHandler
                0x1ffe0b74                Reserved83_IRQHandler
                0x1ffe0b74                HSIO_PCIEB_INT_A_IRQHandler
                0x1ffe0b74                Reserved605_IRQHandler
                0x1ffe0b74                LSIO_MU7_INT_B_IRQHandler
                0x1ffe0b74                Reserved73_IRQHandler
                0x1ffe0b74                ADMA_GPT5_INT_DriverIRQHandler
                0x1ffe0b74                Reserved133_IRQHandler
                0x1ffe0b74                Reserved425_IRQHandler
                0x1ffe0b74                CONNECTIVITY_DTCP_INT_IRQHandler
                0x1ffe0b74                ADMA_SAI2_MOD_INT_DriverIRQHandler
                0x1ffe0b74                Reserved185_IRQHandler
                0x1ffe0b74                Reserved30_IRQHandler
                0x1ffe0b74                Reserved421_IRQHandler
                0x1ffe0b74                Reserved434_IRQHandler
                0x1ffe0b74                Reserved254_IRQHandler
                0x1ffe0b74                Reserved109_IRQHandler
                0x1ffe0b74                Reserved587_IRQHandler
                0x1ffe0b74                Reserved514_IRQHandler
                0x1ffe0b74                Reserved379_IRQHandler
                0x1ffe0b74                Reserved432_IRQHandler
                0x1ffe0b74                Reserved244_IRQHandler
                0x1ffe0b74                Reserved340_IRQHandler
                0x1ffe0b74                Reserved255_IRQHandler
                0x1ffe0b74                Reserved541_IRQHandler
                0x1ffe0b74                Reserved420_IRQHandler
                0x1ffe0b74                Reserved112_IRQHandler
                0x1ffe0b74                ADMA_SAI5_MOD_INT_DriverIRQHandler
                0x1ffe0b74                Reserved160_IRQHandler
                0x1ffe0b74                LSIO_PWM3_INT_IRQHandler
                0x1ffe0b74                LSIO_GPT2_INT_IRQHandler
                0x1ffe0b74                Reserved262_IRQHandler
                0x1ffe0b74                VPU_VPU_INT_3_IRQHandler
                0x1ffe0b74                Reserved171_IRQHandler
                0x1ffe0b74                Reserved123_IRQHandler
                0x1ffe0b74                DISPLAY0_INT_OUT7_IRQHandler
                0x1ffe0b74                Reserved138_IRQHandler
                0x1ffe0b74                Reserved378_IRQHandler
                0x1ffe0b74                M4_INT_OUT1_IRQHandler
                0x1ffe0b74                ADMA_GPT1_INT_DriverIRQHandler
                0x1ffe0b74                Reserved136_IRQHandler
                0x1ffe0b74                Reserved97_IRQHandler
                0x1ffe0b74                LSIO_MU5_INT_A_IRQHandler
                0x1ffe0b74                CONNECTIVITY_WAKEUP_INT_IRQHandler
                0x1ffe0b74                Reserved91_IRQHandler
                0x1ffe0b74                ADMA_FLEXCAN0_INT_DriverIRQHandler
                0x1ffe0b74                Reserved127_IRQHandler
                0x1ffe0b74                M4_INT_OUT7_IRQHandler
                0x1ffe0b74                VPU_VPU_INT_4_IRQHandler
                0x1ffe0b74                ADMA_GPT2_INT_DriverIRQHandler
                0x1ffe0b74                Reserved390_IRQHandler
                0x1ffe0b74                Reserved391_IRQHandler
                0x1ffe0b74                LSIO_MU0_INT_IRQHandler
                0x1ffe0b74                Reserved26_IRQHandler
                0x1ffe0b74                Reserved152_IRQHandler
                0x1ffe0b74                Reserved574_IRQHandler
                0x1ffe0b74                Reserved245_IRQHandler
                0x1ffe0b74                LCD_MOD_INT_IRQHandler
                0x1ffe0b74                GPU0_XAQ2_INTR_IRQHandler
                0x1ffe0b74                Reserved131_IRQHandler
                0x1ffe0b74                M4_INTMUX_SOURCE_MU0_A3_DriverIRQHandler
                0x1ffe0b74                Reserved81_IRQHandler
                0x1ffe0b74                Reserved488_IRQHandler
                0x1ffe0b74                M4_INTMUX_SOURCE_MU0_A0_DriverIRQHandler
                0x1ffe0b74                Reserved251_IRQHandler
                0x1ffe0b74                Reserved46_IRQHandler
                0x1ffe0b74                Reserved273_IRQHandler
                0x1ffe0b74                SECURITY_CAAM_INT0_IRQHandler
                0x1ffe0b74                Reserved246_IRQHandler
                0x1ffe0b74                Reserved314_IRQHandler
                0x1ffe0b74                A35_NINTERRIRQ_IRQHandler
                0x1ffe0b74                Reserved597_IRQHandler
                0x1ffe0b74                ADMA_I2C1_MOD_INT_DriverIRQHandler
                0x1ffe0b74                Reserved598_IRQHandler
                0x1ffe0b74                LSIO_PWM7_INT_IRQHandler
                0x1ffe0b74                CONNECTIVITY_APBHDMA_DriverIRQHandler
                0x1ffe0b74                Reserved394_IRQHandler
                0x1ffe0b74                Reserved226_IRQHandler
                0x1ffe0b74                Reserved270_IRQHandler
                0x1ffe0b74                Reserved23_IRQHandler
                0x1ffe0b74                IMAGING_MJPEG_ENC2_INT_IRQHandler
                0x1ffe0b74                Reserved266_IRQHandler
                0x1ffe0b74                LSIO_MU1_INT_IRQHandler
                0x1ffe0b74                Reserved94_IRQHandler
                0x1ffe0b74                M4_MU0_B2_IRQHandler
                0x1ffe0b74                Reserved67_IRQHandler
                0x1ffe0b78                NMI_Handler
                0x1ffe0b7c                HardFault_Handler
                0x1ffe0b8c                M4_LPUART_IRQHandler
                0x1ffe0b90                M4_LPI2C_IRQHandler
                0x1ffe0b94                IRQSTEER_0_IRQHandler
                0x1ffe0b98                IRQSTEER_1_IRQHandler
                0x1ffe0b9c                IRQSTEER_2_IRQHandler
                0x1ffe0ba0                IRQSTEER_3_IRQHandler
                0x1ffe0ba4                IRQSTEER_4_IRQHandler
                0x1ffe0ba8                IRQSTEER_5_IRQHandler
                0x1ffe0bac                IRQSTEER_6_IRQHandler
                0x1ffe0bb0                IRQSTEER_7_IRQHandler
                0x1ffe0bb4                ADMA_EDMA2_INT_IRQHandler
                0x1ffe0bb8                ADMA_EDMA2_ERR_INT_IRQHandler
                0x1ffe0bbc                ADMA_EDMA3_INT_IRQHandler
                0x1ffe0bc0                ADMA_EDMA3_ERR_INT_IRQHandler
                0x1ffe0bc4                LSIO_OCTASPI0_INT_IRQHandler
                0x1ffe0bc8                LSIO_OCTASPI1_INT_IRQHandler
                0x1ffe0bcc                HSIO_PCIEB_DMA_INT_IRQHandler
                0x1ffe0bd0                ADMA_SPI0_INT_IRQHandler
                0x1ffe0bd4                ADMA_SPI1_INT_IRQHandler
                0x1ffe0bd8                ADMA_SPI2_INT_IRQHandler
                0x1ffe0bdc                ADMA_SPI3_INT_IRQHandler
                0x1ffe0be0                ADMA_I2C0_INT_IRQHandler
                0x1ffe0be4                ADMA_I2C1_INT_IRQHandler
                0x1ffe0be8                ADMA_I2C2_INT_IRQHandler
                0x1ffe0bec                ADMA_I2C3_INT_IRQHandler
                0x1ffe0bf0                ADMA_I2C4_INT_IRQHandler
                0x1ffe0bf4                ADMA_UART0_INT_IRQHandler
                0x1ffe0bf8                ADMA_UART1_INT_IRQHandler
                0x1ffe0bfc                ADMA_UART2_INT_IRQHandler
                0x1ffe0c00                ADMA_UART3_INT_IRQHandler
                0x1ffe0c04                CONNECTIVITY_USDHC0_INT_IRQHandler
                0x1ffe0c08                CONNECTIVITY_USDHC1_INT_IRQHandler
                0x1ffe0c0c                CONNECTIVITY_USDHC2_INT_IRQHandler
                0x1ffe0c10                ADMA_FLEXCAN0_INT_IRQHandler
                0x1ffe0c14                ADMA_FLEXCAN1_INT_IRQHandler
                0x1ffe0c18                ADMA_FLEXCAN2_INT_IRQHandler
                0x1ffe0c1c                ADMA_FTM0_INT_IRQHandler
                0x1ffe0c20                ADMA_FTM1_INT_IRQHandler
                0x1ffe0c24                ADMA_ADC0_INT_IRQHandler
                0x1ffe0c28                ADMA_EXTERNAL_DMA_INT_0_IRQHandler
                0x1ffe0c2c                ADMA_EXTERNAL_DMA_INT_1_IRQHandler
                0x1ffe0c30                ADMA_EXTERNAL_DMA_INT_2_IRQHandler
                0x1ffe0c34                ADMA_EXTERNAL_DMA_INT_3_IRQHandler
                0x1ffe0c38                ADMA_EXTERNAL_DMA_INT_4_IRQHandler
                0x1ffe0c3c                ADMA_EXTERNAL_DMA_INT_5_IRQHandler
                0x1ffe0c40                CONNECTIVITY_ENET0_FRAME1_INT_IRQHandler
                0x1ffe0c44                CONNECTIVITY_ENET0_FRAME2_INT_IRQHandler
                0x1ffe0c48                CONNECTIVITY_ENET0_FRAME0_EVENT_INT_IRQHandler
                0x1ffe0c4c                CONNECTIVITY_ENET0_TIMER_INT_IRQHandler
                0x1ffe0c50                CONNECTIVITY_ENET1_FRAME1_INT_IRQHandler
                0x1ffe0c54                CONNECTIVITY_ENET1_FRAME2_INT_IRQHandler
                0x1ffe0c58                CONNECTIVITY_ENET1_FRAME0_EVENT_INT_IRQHandler
                0x1ffe0c5c                CONNECTIVITY_ENET1_TIMER_INT_IRQHandler
                0x1ffe0c60                CONNECTIVITY_APBHDMA_IRQHandler
                0x1ffe0c64                CONNECTIVITY_DMA_INT_IRQHandler
                0x1ffe0c68                CONNECTIVITY_DMA_ERR_INT_IRQHandler
                0x1ffe0c6c                IMAGING_PDMA_STREAM0_INT_IRQHandler
                0x1ffe0c70                IMAGING_PDMA_STREAM1_INT_IRQHandler
                0x1ffe0c74                IMAGING_PDMA_STREAM2_INT_IRQHandler
                0x1ffe0c78                IMAGING_PDMA_STREAM3_INT_IRQHandler
                0x1ffe0c7c                IMAGING_PDMA_STREAM4_INT_IRQHandler
                0x1ffe0c80                IMAGING_PDMA_STREAM5_INT_IRQHandler
                0x1ffe0c84                IMAGING_PDMA_STREAM6_INT_IRQHandler
                0x1ffe0c88                IMAGING_PDMA_STREAM7_INT_IRQHandler
                0x1ffe0c8c                ADMA_SAI0_MOD_INT_IRQHandler
                0x1ffe0c90                ADMA_SAI0_DMA_INT_IRQHandler
                0x1ffe0c94                ADMA_SAI1_MOD_INT_IRQHandler
                0x1ffe0c98                ADMA_SAI1_DMA_INT_IRQHandler
                0x1ffe0c9c                ADMA_SAI2_MOD_INT_IRQHandler
                0x1ffe0ca0                ADMA_SAI2_DMA_INT_IRQHandler
                0x1ffe0ca4                ADMA_SAI3_MOD_INT_IRQHandler
                0x1ffe0ca8                ADMA_SAI3_DMA_INT_IRQHandler
                0x1ffe0cac                ADMA_SAI4_MOD_INT_IRQHandler
                0x1ffe0cb0                ADMA_SAI4_DMA_INT_IRQHandler
                0x1ffe0cb4                ADMA_SAI5_MOD_INT_IRQHandler
                0x1ffe0cb8                ADMA_SAI5_DMA_INT_IRQHandler
                0x1ffe0cbc                ADMA_SPI0_MOD_INT_IRQHandler
                0x1ffe0cc0                ADMA_SPI1_MOD_INT_IRQHandler
                0x1ffe0cc4                ADMA_SPI2_MOD_INT_IRQHandler
                0x1ffe0cc8                ADMA_SPI3_MOD_INT_IRQHandler
                0x1ffe0ccc                ADMA_I2C0_MOD_INT_IRQHandler
                0x1ffe0cd0                ADMA_I2C1_MOD_INT_IRQHandler
                0x1ffe0cd4                ADMA_I2C2_MOD_INT_IRQHandler
                0x1ffe0cd8                ADMA_I2C3_MOD_INT_IRQHandler
                0x1ffe0cdc                ADMA_UART0_MOD_INT_IRQHandler
                0x1ffe0ce0                ADMA_UART1_MOD_INT_IRQHandler
                0x1ffe0ce4                ADMA_UART2_MOD_INT_IRQHandler
                0x1ffe0ce8                ADMA_UART3_MOD_INT_IRQHandler
                0x1ffe0cec                ADMA_FLEXCAN0_MOD_INT_IRQHandler
                0x1ffe0cf0                ADMA_FLEXCAN1_MOD_INT_IRQHandler
                0x1ffe0cf4                ADMA_FLEXCAN2_MOD_INT_IRQHandler
                0x1ffe0cf8                ADMA_FTM0_MOD_INT_IRQHandler
                0x1ffe0cfc                ADMA_FTM1_MOD_INT_IRQHandler
                0x1ffe0d00                ADMA_ADC0_MOD_INT_IRQHandler
                0x1ffe0d04                ADMA_FLEXCAN0_DMA_INT_IRQHandler
                0x1ffe0d08                ADMA_FLEXCAN1_DMA_INT_IRQHandler
                0x1ffe0d0c                ADMA_FLEXCAN2_DMA_INT_IRQHandler
                0x1ffe0d10                ADMA_FTM0_DMA_INT_IRQHandler
                0x1ffe0d14                ADMA_FTM1_DMA_INT_IRQHandler
                0x1ffe0d18                ADMA_ADC0_DMA_INT_IRQHandler
                0x1ffe0d1c                ADMA_ADC1_DMA_INT_IRQHandler
                0x1ffe0d20                ADMA_EDMA0_INT_IRQHandler
                0x1ffe0d24                ADMA_EDMA0_ERR_INT_IRQHandler
                0x1ffe0d28                ADMA_EDMA1_INT_IRQHandler
                0x1ffe0d2c                ADMA_EDMA1_ERR_INT_IRQHandler
                0x1ffe0d30                ADMA_ASRC0_INT1_IRQHandler
                0x1ffe0d34                ADMA_ASRC0_INT2_IRQHandler
                0x1ffe0d38                ADMA_DMA0_CH0_INT_IRQHandler
                0x1ffe0d3c                ADMA_DMA0_CH1_INT_IRQHandler
                0x1ffe0d40                ADMA_DMA0_CH2_INT_IRQHandler
                0x1ffe0d44                ADMA_DMA0_CH3_INT_IRQHandler
                0x1ffe0d48                ADMA_DMA0_CH4_INT_IRQHandler
                0x1ffe0d4c                ADMA_DMA0_CH5_INT_IRQHandler
                0x1ffe0d50                ADMA_ASRC1_INT1_IRQHandler
                0x1ffe0d54                ADMA_ASRC1_INT2_IRQHandler
                0x1ffe0d58                ADMA_DMA1_CH0_INT_IRQHandler
                0x1ffe0d5c                ADMA_DMA1_CH1_INT_IRQHandler
                0x1ffe0d60                ADMA_DMA1_CH2_INT_IRQHandler
                0x1ffe0d64                ADMA_DMA1_CH3_INT_IRQHandler
                0x1ffe0d68                ADMA_DMA1_CH4_INT_IRQHandler
                0x1ffe0d6c                ADMA_DMA1_CH5_INT_IRQHandler
                0x1ffe0d70                ADMA_ESAI0_INT_IRQHandler
                0x1ffe0d74                ADMA_GPT0_INT_IRQHandler
                0x1ffe0d78                ADMA_GPT1_INT_IRQHandler
                0x1ffe0d7c                ADMA_GPT2_INT_IRQHandler
                0x1ffe0d80                ADMA_GPT3_INT_IRQHandler
                0x1ffe0d84                ADMA_GPT4_INT_IRQHandler
                0x1ffe0d88                ADMA_GPT5_INT_IRQHandler
                0x1ffe0d8c                ADMA_SAI0_INT_IRQHandler
                0x1ffe0d90                ADMA_SAI1_INT_IRQHandler
                0x1ffe0d94                ADMA_SAI2_INT_IRQHandler
                0x1ffe0d98                ADMA_SAI3_INT_IRQHandler
                0x1ffe0d9c                ADMA_SAI4_INT_IRQHandler
                0x1ffe0da0                ADMA_SAI5_INT_IRQHandler
                0x1ffe0da4                ADMA_SPDIF0_RX_INT_IRQHandler
                0x1ffe0da8                ADMA_SPDIF0_TX_INT_IRQHandler
                0x1ffe0dac                ADMA_ESAI0_MOD_INT_IRQHandler
                0x1ffe0db0                ADMA_ESAI0_DMA_INT_IRQHandler
                0x1ffe0db4                ADMA_SPI0_DMA_RX_INT_IRQHandler
                0x1ffe0db8                ADMA_SPI0_DMA_TX_INT_IRQHandler
                0x1ffe0dbc                ADMA_SPI1_DMA_RX_INT_IRQHandler
                0x1ffe0dc0                ADMA_SPI1_DMA_TX_INT_IRQHandler
                0x1ffe0dc4                ADMA_SPI2_DMA_RX_INT_IRQHandler
                0x1ffe0dc8                ADMA_SPI2_DMA_TX_INT_IRQHandler
                0x1ffe0dcc                ADMA_SPI3_DMA_RX_INT_IRQHandler
                0x1ffe0dd0                ADMA_SPI3_DMA_TX_INT_IRQHandler
                0x1ffe0dd4                ADMA_I2C0_DMA_RX_INT_IRQHandler
                0x1ffe0dd8                ADMA_I2C0_DMA_TX_INT_IRQHandler
                0x1ffe0ddc                ADMA_I2C1_DMA_RX_INT_IRQHandler
                0x1ffe0de0                ADMA_I2C1_DMA_TX_INT_IRQHandler
                0x1ffe0de4                ADMA_I2C2_DMA_RX_INT_IRQHandler
                0x1ffe0de8                ADMA_I2C2_DMA_TX_INT_IRQHandler
                0x1ffe0dec                ADMA_I2C3_DMA_RX_INT_IRQHandler
                0x1ffe0df0                ADMA_I2C3_DMA_TX_INT_IRQHandler
                0x1ffe0df4                ADMA_UART0_DMA_RX_INT_IRQHandler
                0x1ffe0df8                ADMA_UART0_DMA_TX_INT_IRQHandler
                0x1ffe0dfc                ADMA_UART1_DMA_RX_INT_IRQHandler
                0x1ffe0e00                ADMA_UART1_DMA_TX_INT_IRQHandler
                0x1ffe0e04                ADMA_UART2_DMA_RX_INT_IRQHandler
                0x1ffe0e08                ADMA_UART2_DMA_TX_INT_IRQHandler
                0x1ffe0e0c                ADMA_UART3_DMA_RX_INT_IRQHandler
                0x1ffe0e10                ADMA_UART3_DMA_TX_INT_IRQHandler
                0x1ffe0e14                ADMA_SPDIF0_RX_MOD_INT_IRQHandler
                0x1ffe0e18                ADMA_SPDIF0_RX_DMA_INT_IRQHandler
                0x1ffe0e1c                ADMA_SPDIF0_TX_MOD_INT_IRQHandler
                0x1ffe0e20                ADMA_SPDIF0_TX_DMA_INT_IRQHandler
                0x1ffe0e24                M4_INTMUX_SOURCE_TPM_IRQHandler
                0x1ffe0e28                M4_INTMUX_SOURCE_LPIT_IRQHandler
                0x1ffe0e2c                M4_INTMUX_SOURCE_LPUART_IRQHandler
                0x1ffe0e30                M4_INTMUX_SOURCE_LPI2C_IRQHandler
                0x1ffe0e34                M4_INTMUX_SOURCE_MU0_A3_IRQHandler
                0x1ffe0e38                M4_INTMUX_SOURCE_MU0_A2_IRQHandler
                0x1ffe0e3c                M4_INTMUX_SOURCE_MU0_A1_IRQHandler
                0x1ffe0e40                M4_INTMUX_SOURCE_MU0_A0_IRQHandler
 .text          0x1ffe1014      0x378 c:/progra~2/gnutoo~1/92019-~1/bin/../lib/gcc/arm-none-eabi/9.2.1/thumb/v7e-m+fp/hard\libgcc.a(_arm_addsubdf3.o)
                0x1ffe1014                __aeabi_drsub
                0x1ffe101c                __aeabi_dsub
                0x1ffe101c                __subdf3
                0x1ffe1020                __aeabi_dadd
                0x1ffe1020                __adddf3
                0x1ffe1298                __floatunsidf
                0x1ffe1298                __aeabi_ui2d
                0x1ffe12b8                __floatsidf
                0x1ffe12b8                __aeabi_i2d
                0x1ffe12dc                __aeabi_f2d
                0x1ffe12dc                __extendsfdf2
                0x1ffe1320                __floatundidf
                0x1ffe1320                __aeabi_ul2d
                0x1ffe1330                __floatdidf
                0x1ffe1330                __aeabi_l2d
 .text          0x1ffe138c      0x424 c:/progra~2/gnutoo~1/92019-~1/bin/../lib/gcc/arm-none-eabi/9.2.1/thumb/v7e-m+fp/hard\libgcc.a(_arm_muldivdf3.o)
                0x1ffe138c                __aeabi_dmul
                0x1ffe138c                __muldf3
                0x1ffe15e0                __divdf3
                0x1ffe15e0                __aeabi_ddiv
 .text          0x1ffe17b0       0x50 c:/progra~2/gnutoo~1/92019-~1/bin/../lib/gcc/arm-none-eabi/9.2.1/thumb/v7e-m+fp/hard\libgcc.a(_arm_fixdfsi.o)
                0x1ffe17b0                __aeabi_d2iz
                0x1ffe17b0                __fixdfsi
 .text          0x1ffe1800      0x21c c:/progra~2/gnutoo~1/92019-~1/bin/../lib/gcc/arm-none-eabi/9.2.1/thumb/v7e-m+fp/hard\libgcc.a(_arm_addsubsf3.o)
                0x1ffe1800                __aeabi_frsub
                0x1ffe1808                __subsf3
                0x1ffe1808                __aeabi_fsub
                0x1ffe180c                __aeabi_fadd
                0x1ffe180c                __addsf3
                0x1ffe196c                __aeabi_ui2f
                0x1ffe196c                __floatunsisf
                0x1ffe1974                __aeabi_i2f
                0x1ffe1974                __floatsisf
                0x1ffe1990                __aeabi_ul2f
                0x1ffe1990                __floatundisf
                0x1ffe19a0                __aeabi_l2f
                0x1ffe19a0                __floatdisf
 .text          0x1ffe1a1c       0xa0 c:/progra~2/gnutoo~1/92019-~1/bin/../lib/gcc/arm-none-eabi/9.2.1/thumb/v7e-m+fp/hard\libgcc.a(_aeabi_ldivmod.o)
                0x1ffe1a1c                __aeabi_ldivmod
 .text          0x1ffe1abc       0x30 c:/progra~2/gnutoo~1/92019-~1/bin/../lib/gcc/arm-none-eabi/9.2.1/thumb/v7e-m+fp/hard\libgcc.a(_aeabi_uldivmod.o)
                0x1ffe1abc                __aeabi_uldivmod
 .text          0x1ffe1aec       0x30 c:/progra~2/gnutoo~1/92019-~1/bin/../lib/gcc/arm-none-eabi/9.2.1/thumb/v7e-m+fp/hard\libgcc.a(_fixdfdi.o)
                0x1ffe1aec                __fixdfdi
                0x1ffe1aec                __aeabi_d2lz
 .text          0x1ffe1b1c       0x3c c:/progra~2/gnutoo~1/92019-~1/bin/../lib/gcc/arm-none-eabi/9.2.1/thumb/v7e-m+fp/hard\libgcc.a(_fixunsdfdi.o)
                0x1ffe1b1c                __fixunsdfdi
                0x1ffe1b1c                __aeabi_d2ulz
 .text          0x1ffe1b58      0x2c4 c:/progra~2/gnutoo~1/92019-~1/bin/../lib/gcc/arm-none-eabi/9.2.1/thumb/v7e-m+fp/hard\libgcc.a(_udivmoddi4.o)
                0x1ffe1b58                __udivmoddi4
 .text          0x1ffe1e1c        0x4 c:/progra~2/gnutoo~1/92019-~1/bin/../lib/gcc/arm-none-eabi/9.2.1/thumb/v7e-m+fp/hard\libgcc.a(_dvmd_tls.o)
                0x1ffe1e1c                __aeabi_idiv0
                0x1ffe1e1c                __aeabi_ldiv0
 .text          0x1ffe1e20      0x110 c:/progra~2/gnutoo~1/92019-~1/bin/../lib/gcc/arm-none-eabi/9.2.1/thumb/v7e-m+fp/hard\libgcc.a(_arm_cmpdf2.o)
                0x1ffe1e20                __gtdf2
                0x1ffe1e20                __gedf2
                0x1ffe1e28                __ltdf2
                0x1ffe1e28                __ledf2
                0x1ffe1e30                __nedf2
                0x1ffe1e30                __eqdf2
                0x1ffe1e30                __cmpdf2
                0x1ffe1eac                __aeabi_cdrcmple
                0x1ffe1ebc                __aeabi_cdcmpeq
                0x1ffe1ebc                __aeabi_cdcmple
                0x1ffe1ecc                __aeabi_dcmpeq
                0x1ffe1ee0                __aeabi_dcmplt
                0x1ffe1ef4                __aeabi_dcmple
                0x1ffe1f08                __aeabi_dcmpge
                0x1ffe1f1c                __aeabi_dcmpgt
 .text          0x1ffe1f30       0x40 c:/progra~2/gnutoo~1/92019-~1/bin/../lib/gcc/arm-none-eabi/9.2.1/thumb/v7e-m+fp/hard\libgcc.a(_arm_fixunsdfsi.o)
                0x1ffe1f30                __aeabi_d2uiz
                0x1ffe1f30                __fixunsdfsi
 .text          0x1ffe1f70       0x10 c:/progra~2/gnutoo~1/92019-~1/bin/../lib/gcc/arm-none-eabi/9.2.1/../../../../arm-none-eabi/lib/thumb/v7e-m+fp/hard\libc_nano.a(lib_a-strlen.o)
                0x1ffe1f70                strlen
 .text          0x1ffe1f80       0x2c c:/progra~2/gnutoo~1/92019-~1/bin/../lib/gcc/arm-none-eabi/9.2.1/thumb/v7e-m+fp/hard\libgcc.a(_arm_unorddf2.o)
                0x1ffe1f80                __unorddf2
                0x1ffe1f80                __aeabi_dcmpun
 *(.text*)
 .text.__NVIC_SetPriority
                0x1ffe1fac       0x54 CMakeFiles/EXE_SensorPT_MEAS_MS5YXX_Imx8M4.elf.dir/MainEXE_SensorPT_MEAS_MS5YXX_Imx8M4.cpp.obj
 .text.pxPortInitialiseStack
                0x1ffe2000       0x68 CMakeFiles/EXE_SensorPT_MEAS_MS5YXX_Imx8M4.elf.dir/MainEXE_SensorPT_MEAS_MS5YXX_Imx8M4.cpp.obj
                0x1ffe2000                pxPortInitialiseStack
 .text._ZL16prvTaskExitErrorv
                0x1ffe2068       0x60 CMakeFiles/EXE_SensorPT_MEAS_MS5YXX_Imx8M4.elf.dir/MainEXE_SensorPT_MEAS_MS5YXX_Imx8M4.cpp.obj
 .text._ZL21prvPortStartFirstTaskv
                0x1ffe20c8       0x28 CMakeFiles/EXE_SensorPT_MEAS_MS5YXX_Imx8M4.elf.dir/MainEXE_SensorPT_MEAS_MS5YXX_Imx8M4.cpp.obj
 .text.xPortStartScheduler
                0x1ffe20f0      0x184 CMakeFiles/EXE_SensorPT_MEAS_MS5YXX_Imx8M4.elf.dir/MainEXE_SensorPT_MEAS_MS5YXX_Imx8M4.cpp.obj
                0x1ffe20f0                xPortStartScheduler
 .text.vPortEnterCritical
                0x1ffe2274       0x6c CMakeFiles/EXE_SensorPT_MEAS_MS5YXX_Imx8M4.elf.dir/MainEXE_SensorPT_MEAS_MS5YXX_Imx8M4.cpp.obj
                0x1ffe2274                vPortEnterCritical
 .text.vPortExitCritical
                0x1ffe22e0       0x54 CMakeFiles/EXE_SensorPT_MEAS_MS5YXX_Imx8M4.elf.dir/MainEXE_SensorPT_MEAS_MS5YXX_Imx8M4.cpp.obj
                0x1ffe22e0                vPortExitCritical
 .text._Z24vPortSetupTimerInterruptv
                0x1ffe2334       0x48 CMakeFiles/EXE_SensorPT_MEAS_MS5YXX_Imx8M4.elf.dir/MainEXE_SensorPT_MEAS_MS5YXX_Imx8M4.cpp.obj
                0x1ffe2334                vPortSetupTimerInterrupt()
 .text._ZL14vPortEnableVFPv
                0x1ffe237c       0x14 CMakeFiles/EXE_SensorPT_MEAS_MS5YXX_Imx8M4.elf.dir/MainEXE_SensorPT_MEAS_MS5YXX_Imx8M4.cpp.obj
 .text.vPortValidateInterruptPriority
                0x1ffe2390       0x88 CMakeFiles/EXE_SensorPT_MEAS_MS5YXX_Imx8M4.elf.dir/MainEXE_SensorPT_MEAS_MS5YXX_Imx8M4.cpp.obj
                0x1ffe2390                vPortValidateInterruptPriority
 .text._ZN8WST_MTSK7executeEv
                0x1ffe2418       0x76 CMakeFiles/EXE_SensorPT_MEAS_MS5YXX_Imx8M4.elf.dir/MainEXE_SensorPT_MEAS_MS5YXX_Imx8M4.cpp.obj
                0x1ffe2418                WST_MTSK::execute()
 .text._ZSt11make_uniqueIN8hamilton28sensor_pt_meas_ms5YXX_imx8m412CTestBuilderEJRmEENSt9_MakeUniqIT_E15__single_objectEDpOT0_
                0x1ffe248e       0x3a CMakeFiles/EXE_SensorPT_MEAS_MS5YXX_Imx8M4.elf.dir/MainEXE_SensorPT_MEAS_MS5YXX_Imx8M4.cpp.obj
                0x1ffe248e                std::_MakeUniq<hamilton::sensor_pt_meas_ms5YXX_imx8m4::CTestBuilder>::__single_object std::make_unique<hamilton::sensor_pt_meas_ms5YXX_imx8m4::CTestBuilder, unsigned long&>(unsigned long&)
 .text._ZNSt10unique_ptrIN8hamilton28sensor_pt_meas_ms5YXX_imx8m412CTestBuilderESt14default_deleteIS2_EED2Ev
                0x1ffe24c8       0x44 CMakeFiles/EXE_SensorPT_MEAS_MS5YXX_Imx8M4.elf.dir/MainEXE_SensorPT_MEAS_MS5YXX_Imx8M4.cpp.obj
                0x1ffe24c8                std::unique_ptr<hamilton::sensor_pt_meas_ms5YXX_imx8m4::CTestBuilder, std::default_delete<hamilton::sensor_pt_meas_ms5YXX_imx8m4::CTestBuilder> >::~unique_ptr()
                0x1ffe24c8                std::unique_ptr<hamilton::sensor_pt_meas_ms5YXX_imx8m4::CTestBuilder, std::default_delete<hamilton::sensor_pt_meas_ms5YXX_imx8m4::CTestBuilder> >::~unique_ptr()
 .text._ZNKSt10unique_ptrIN8hamilton28sensor_pt_meas_ms5YXX_imx8m412CTestBuilderESt14default_deleteIS2_EEptEv
                0x1ffe250c       0x18 CMakeFiles/EXE_SensorPT_MEAS_MS5YXX_Imx8M4.elf.dir/MainEXE_SensorPT_MEAS_MS5YXX_Imx8M4.cpp.obj
                0x1ffe250c                std::unique_ptr<hamilton::sensor_pt_meas_ms5YXX_imx8m4::CTestBuilder, std::default_delete<hamilton::sensor_pt_meas_ms5YXX_imx8m4::CTestBuilder> >::operator->() const
 .text._ZSt7forwardIRmEOT_RNSt16remove_referenceIS1_E4typeE
                0x1ffe2524       0x16 CMakeFiles/EXE_SensorPT_MEAS_MS5YXX_Imx8M4.elf.dir/MainEXE_SensorPT_MEAS_MS5YXX_Imx8M4.cpp.obj
                0x1ffe2524                unsigned long& std::forward<unsigned long&>(std::remove_reference<unsigned long&>::type&)
 .text._ZNSt10unique_ptrIN8hamilton28sensor_pt_meas_ms5YXX_imx8m412CTestBuilderESt14default_deleteIS2_EEC2IS4_vEEPS2_
                0x1ffe253a       0x1e CMakeFiles/EXE_SensorPT_MEAS_MS5YXX_Imx8M4.elf.dir/MainEXE_SensorPT_MEAS_MS5YXX_Imx8M4.cpp.obj
                0x1ffe253a                std::unique_ptr<hamilton::sensor_pt_meas_ms5YXX_imx8m4::CTestBuilder, std::default_delete<hamilton::sensor_pt_meas_ms5YXX_imx8m4::CTestBuilder> >::unique_ptr<std::default_delete<hamilton::sensor_pt_meas_ms5YXX_imx8m4::CTestBuilder>, void>(hamilton::sensor_pt_meas_ms5YXX_imx8m4::CTestBuilder*)
                0x1ffe253a                std::unique_ptr<hamilton::sensor_pt_meas_ms5YXX_imx8m4::CTestBuilder, std::default_delete<hamilton::sensor_pt_meas_ms5YXX_imx8m4::CTestBuilder> >::unique_ptr<std::default_delete<hamilton::sensor_pt_meas_ms5YXX_imx8m4::CTestBuilder>, void>(hamilton::sensor_pt_meas_ms5YXX_imx8m4::CTestBuilder*)
 .text._ZNSt15__uniq_ptr_implIN8hamilton28sensor_pt_meas_ms5YXX_imx8m412CTestBuilderESt14default_deleteIS2_EE6_M_ptrEv
                0x1ffe2558       0x1a CMakeFiles/EXE_SensorPT_MEAS_MS5YXX_Imx8M4.elf.dir/MainEXE_SensorPT_MEAS_MS5YXX_Imx8M4.cpp.obj
                0x1ffe2558                std::__uniq_ptr_impl<hamilton::sensor_pt_meas_ms5YXX_imx8m4::CTestBuilder, std::default_delete<hamilton::sensor_pt_meas_ms5YXX_imx8m4::CTestBuilder> >::_M_ptr()
 .text._ZNSt10unique_ptrIN8hamilton28sensor_pt_meas_ms5YXX_imx8m412CTestBuilderESt14default_deleteIS2_EE11get_deleterEv
                0x1ffe2572       0x1a CMakeFiles/EXE_SensorPT_MEAS_MS5YXX_Imx8M4.elf.dir/MainEXE_SensorPT_MEAS_MS5YXX_Imx8M4.cpp.obj
                0x1ffe2572                std::unique_ptr<hamilton::sensor_pt_meas_ms5YXX_imx8m4::CTestBuilder, std::default_delete<hamilton::sensor_pt_meas_ms5YXX_imx8m4::CTestBuilder> >::get_deleter()
 .text._ZSt4moveIRPN8hamilton28sensor_pt_meas_ms5YXX_imx8m412CTestBuilderEEONSt16remove_referenceIT_E4typeEOS6_
                0x1ffe258c       0x16 CMakeFiles/EXE_SensorPT_MEAS_MS5YXX_Imx8M4.elf.dir/MainEXE_SensorPT_MEAS_MS5YXX_Imx8M4.cpp.obj
                0x1ffe258c                std::remove_reference<hamilton::sensor_pt_meas_ms5YXX_imx8m4::CTestBuilder*&>::type&& std::move<hamilton::sensor_pt_meas_ms5YXX_imx8m4::CTestBuilder*&>(hamilton::sensor_pt_meas_ms5YXX_imx8m4::CTestBuilder*&)
 .text._ZNKSt14default_deleteIN8hamilton28sensor_pt_meas_ms5YXX_imx8m412CTestBuilderEEclEPS2_
                0x1ffe25a2       0x22 CMakeFiles/EXE_SensorPT_MEAS_MS5YXX_Imx8M4.elf.dir/MainEXE_SensorPT_MEAS_MS5YXX_Imx8M4.cpp.obj
                0x1ffe25a2                std::default_delete<hamilton::sensor_pt_meas_ms5YXX_imx8m4::CTestBuilder>::operator()(hamilton::sensor_pt_meas_ms5YXX_imx8m4::CTestBuilder*) const
 .text._ZNKSt10unique_ptrIN8hamilton28sensor_pt_meas_ms5YXX_imx8m412CTestBuilderESt14default_deleteIS2_EE3getEv
                0x1ffe25c4       0x1a CMakeFiles/EXE_SensorPT_MEAS_MS5YXX_Imx8M4.elf.dir/MainEXE_SensorPT_MEAS_MS5YXX_Imx8M4.cpp.obj
                0x1ffe25c4                std::unique_ptr<hamilton::sensor_pt_meas_ms5YXX_imx8m4::CTestBuilder, std::default_delete<hamilton::sensor_pt_meas_ms5YXX_imx8m4::CTestBuilder> >::get() const
 .text._ZNSt15__uniq_ptr_implIN8hamilton28sensor_pt_meas_ms5YXX_imx8m412CTestBuilderESt14default_deleteIS2_EEC2EPS2_
                0x1ffe25de       0x28 CMakeFiles/EXE_SensorPT_MEAS_MS5YXX_Imx8M4.elf.dir/MainEXE_SensorPT_MEAS_MS5YXX_Imx8M4.cpp.obj
                0x1ffe25de                std::__uniq_ptr_impl<hamilton::sensor_pt_meas_ms5YXX_imx8m4::CTestBuilder, std::default_delete<hamilton::sensor_pt_meas_ms5YXX_imx8m4::CTestBuilder> >::__uniq_ptr_impl(hamilton::sensor_pt_meas_ms5YXX_imx8m4::CTestBuilder*)
                0x1ffe25de                std::__uniq_ptr_impl<hamilton::sensor_pt_meas_ms5YXX_imx8m4::CTestBuilder, std::default_delete<hamilton::sensor_pt_meas_ms5YXX_imx8m4::CTestBuilder> >::__uniq_ptr_impl(hamilton::sensor_pt_meas_ms5YXX_imx8m4::CTestBuilder*)
 .text._ZSt3getILj0EJPN8hamilton28sensor_pt_meas_ms5YXX_imx8m412CTestBuilderESt14default_deleteIS2_EEERNSt13tuple_elementIXT_ESt5tupleIJDpT0_EEE4typeERSA_
                0x1ffe2606       0x1a CMakeFiles/EXE_SensorPT_MEAS_MS5YXX_Imx8M4.elf.dir/MainEXE_SensorPT_MEAS_MS5YXX_Imx8M4.cpp.obj
                0x1ffe2606                std::tuple_element<0u, std::tuple<hamilton::sensor_pt_meas_ms5YXX_imx8m4::CTestBuilder*, std::default_delete<hamilton::sensor_pt_meas_ms5YXX_imx8m4::CTestBuilder> > >::type& std::get<0u, hamilton::sensor_pt_meas_ms5YXX_imx8m4::CTestBuilder*, std::default_delete<hamilton::sensor_pt_meas_ms5YXX_imx8m4::CTestBuilder> >(std::tuple<hamilton::sensor_pt_meas_ms5YXX_imx8m4::CTestBuilder*, std::default_delete<hamilton::sensor_pt_meas_ms5YXX_imx8m4::CTestBuilder> >&)
 .text._ZNSt15__uniq_ptr_implIN8hamilton28sensor_pt_meas_ms5YXX_imx8m412CTestBuilderESt14default_deleteIS2_EE10_M_deleterEv
                0x1ffe2620       0x1a CMakeFiles/EXE_SensorPT_MEAS_MS5YXX_Imx8M4.elf.dir/MainEXE_SensorPT_MEAS_MS5YXX_Imx8M4.cpp.obj
                0x1ffe2620                std::__uniq_ptr_impl<hamilton::sensor_pt_meas_ms5YXX_imx8m4::CTestBuilder, std::default_delete<hamilton::sensor_pt_meas_ms5YXX_imx8m4::CTestBuilder> >::_M_deleter()
 .text._ZNKSt15__uniq_ptr_implIN8hamilton28sensor_pt_meas_ms5YXX_imx8m412CTestBuilderESt14default_deleteIS2_EE6_M_ptrEv
                0x1ffe263a       0x1c CMakeFiles/EXE_SensorPT_MEAS_MS5YXX_Imx8M4.elf.dir/MainEXE_SensorPT_MEAS_MS5YXX_Imx8M4.cpp.obj
                0x1ffe263a                std::__uniq_ptr_impl<hamilton::sensor_pt_meas_ms5YXX_imx8m4::CTestBuilder, std::default_delete<hamilton::sensor_pt_meas_ms5YXX_imx8m4::CTestBuilder> >::_M_ptr() const
 .text._ZNSt5tupleIJPN8hamilton28sensor_pt_meas_ms5YXX_imx8m412CTestBuilderESt14default_deleteIS2_EEEC2IS3_S5_Lb1EEEv
                0x1ffe2656       0x1a CMakeFiles/EXE_SensorPT_MEAS_MS5YXX_Imx8M4.elf.dir/MainEXE_SensorPT_MEAS_MS5YXX_Imx8M4.cpp.obj
                0x1ffe2656                std::tuple<hamilton::sensor_pt_meas_ms5YXX_imx8m4::CTestBuilder*, std::default_delete<hamilton::sensor_pt_meas_ms5YXX_imx8m4::CTestBuilder> >::tuple<hamilton::sensor_pt_meas_ms5YXX_imx8m4::CTestBuilder*, std::default_delete<hamilton::sensor_pt_meas_ms5YXX_imx8m4::CTestBuilder>, true>()
                0x1ffe2656                std::tuple<hamilton::sensor_pt_meas_ms5YXX_imx8m4::CTestBuilder*, std::default_delete<hamilton::sensor_pt_meas_ms5YXX_imx8m4::CTestBuilder> >::tuple<hamilton::sensor_pt_meas_ms5YXX_imx8m4::CTestBuilder*, std::default_delete<hamilton::sensor_pt_meas_ms5YXX_imx8m4::CTestBuilder>, true>()
 .text._ZSt12__get_helperILj0EPN8hamilton28sensor_pt_meas_ms5YXX_imx8m412CTestBuilderEJSt14default_deleteIS2_EEERT0_RSt11_Tuple_implIXT_EJS6_DpT1_EE
                0x1ffe2670       0x18 CMakeFiles/EXE_SensorPT_MEAS_MS5YXX_Imx8M4.elf.dir/MainEXE_SensorPT_MEAS_MS5YXX_Imx8M4.cpp.obj
                0x1ffe2670                hamilton::sensor_pt_meas_ms5YXX_imx8m4::CTestBuilder*& std::__get_helper<0u, hamilton::sensor_pt_meas_ms5YXX_imx8m4::CTestBuilder*, std::default_delete<hamilton::sensor_pt_meas_ms5YXX_imx8m4::CTestBuilder> >(std::_Tuple_impl<0u, hamilton::sensor_pt_meas_ms5YXX_imx8m4::CTestBuilder*, std::default_delete<hamilton::sensor_pt_meas_ms5YXX_imx8m4::CTestBuilder> >&)
 .text._ZSt3getILj1EJPN8hamilton28sensor_pt_meas_ms5YXX_imx8m412CTestBuilderESt14default_deleteIS2_EEERNSt13tuple_elementIXT_ESt5tupleIJDpT0_EEE4typeERSA_
                0x1ffe2688       0x18 CMakeFiles/EXE_SensorPT_MEAS_MS5YXX_Imx8M4.elf.dir/MainEXE_SensorPT_MEAS_MS5YXX_Imx8M4.cpp.obj
                0x1ffe2688                std::tuple_element<1u, std::tuple<hamilton::sensor_pt_meas_ms5YXX_imx8m4::CTestBuilder*, std::default_delete<hamilton::sensor_pt_meas_ms5YXX_imx8m4::CTestBuilder> > >::type& std::get<1u, hamilton::sensor_pt_meas_ms5YXX_imx8m4::CTestBuilder*, std::default_delete<hamilton::sensor_pt_meas_ms5YXX_imx8m4::CTestBuilder> >(std::tuple<hamilton::sensor_pt_meas_ms5YXX_imx8m4::CTestBuilder*, std::default_delete<hamilton::sensor_pt_meas_ms5YXX_imx8m4::CTestBuilder> >&)
 .text._ZSt3getILj0EJPN8hamilton28sensor_pt_meas_ms5YXX_imx8m412CTestBuilderESt14default_deleteIS2_EEERKNSt13tuple_elementIXT_ESt5tupleIJDpT0_EEE4typeERKSA_
                0x1ffe26a0       0x1a CMakeFiles/EXE_SensorPT_MEAS_MS5YXX_Imx8M4.elf.dir/MainEXE_SensorPT_MEAS_MS5YXX_Imx8M4.cpp.obj
                0x1ffe26a0                std::tuple_element<0u, std::tuple<hamilton::sensor_pt_meas_ms5YXX_imx8m4::CTestBuilder*, std::default_delete<hamilton::sensor_pt_meas_ms5YXX_imx8m4::CTestBuilder> > >::type const& std::get<0u, hamilton::sensor_pt_meas_ms5YXX_imx8m4::CTestBuilder*, std::default_delete<hamilton::sensor_pt_meas_ms5YXX_imx8m4::CTestBuilder> >(std::tuple<hamilton::sensor_pt_meas_ms5YXX_imx8m4::CTestBuilder*, std::default_delete<hamilton::sensor_pt_meas_ms5YXX_imx8m4::CTestBuilder> > const&)
 .text._ZNSt11_Tuple_implILj0EJPN8hamilton28sensor_pt_meas_ms5YXX_imx8m412CTestBuilderESt14default_deleteIS2_EEEC2Ev
                0x1ffe26ba       0x20 CMakeFiles/EXE_SensorPT_MEAS_MS5YXX_Imx8M4.elf.dir/MainEXE_SensorPT_MEAS_MS5YXX_Imx8M4.cpp.obj
                0x1ffe26ba                std::_Tuple_impl<0u, hamilton::sensor_pt_meas_ms5YXX_imx8m4::CTestBuilder*, std::default_delete<hamilton::sensor_pt_meas_ms5YXX_imx8m4::CTestBuilder> >::_Tuple_impl()
                0x1ffe26ba                std::_Tuple_impl<0u, hamilton::sensor_pt_meas_ms5YXX_imx8m4::CTestBuilder*, std::default_delete<hamilton::sensor_pt_meas_ms5YXX_imx8m4::CTestBuilder> >::_Tuple_impl()
 .text._ZNSt11_Tuple_implILj0EJPN8hamilton28sensor_pt_meas_ms5YXX_imx8m412CTestBuilderESt14default_deleteIS2_EEE7_M_headERS6_
                0x1ffe26da       0x1a CMakeFiles/EXE_SensorPT_MEAS_MS5YXX_Imx8M4.elf.dir/MainEXE_SensorPT_MEAS_MS5YXX_Imx8M4.cpp.obj
                0x1ffe26da                std::_Tuple_impl<0u, hamilton::sensor_pt_meas_ms5YXX_imx8m4::CTestBuilder*, std::default_delete<hamilton::sensor_pt_meas_ms5YXX_imx8m4::CTestBuilder> >::_M_head(std::_Tuple_impl<0u, hamilton::sensor_pt_meas_ms5YXX_imx8m4::CTestBuilder*, std::default_delete<hamilton::sensor_pt_meas_ms5YXX_imx8m4::CTestBuilder> >&)
 .text._ZSt12__get_helperILj1ESt14default_deleteIN8hamilton28sensor_pt_meas_ms5YXX_imx8m412CTestBuilderEEJEERT0_RSt11_Tuple_implIXT_EJS5_DpT1_EE
                0x1ffe26f4       0x18 CMakeFiles/EXE_SensorPT_MEAS_MS5YXX_Imx8M4.elf.dir/MainEXE_SensorPT_MEAS_MS5YXX_Imx8M4.cpp.obj
                0x1ffe26f4                std::default_delete<hamilton::sensor_pt_meas_ms5YXX_imx8m4::CTestBuilder>& std::__get_helper<1u, std::default_delete<hamilton::sensor_pt_meas_ms5YXX_imx8m4::CTestBuilder>>(std::_Tuple_impl<1u, std::default_delete<hamilton::sensor_pt_meas_ms5YXX_imx8m4::CTestBuilder>>&)
 .text._ZSt12__get_helperILj0EPN8hamilton28sensor_pt_meas_ms5YXX_imx8m412CTestBuilderEJSt14default_deleteIS2_EEERKT0_RKSt11_Tuple_implIXT_EJS6_DpT1_EE
                0x1ffe270c       0x18 CMakeFiles/EXE_SensorPT_MEAS_MS5YXX_Imx8M4.elf.dir/MainEXE_SensorPT_MEAS_MS5YXX_Imx8M4.cpp.obj
                0x1ffe270c                hamilton::sensor_pt_meas_ms5YXX_imx8m4::CTestBuilder* const& std::__get_helper<0u, hamilton::sensor_pt_meas_ms5YXX_imx8m4::CTestBuilder*, std::default_delete<hamilton::sensor_pt_meas_ms5YXX_imx8m4::CTestBuilder> >(std::_Tuple_impl<0u, hamilton::sensor_pt_meas_ms5YXX_imx8m4::CTestBuilder*, std::default_delete<hamilton::sensor_pt_meas_ms5YXX_imx8m4::CTestBuilder> > const&)
 .text._ZNSt11_Tuple_implILj1EJSt14default_deleteIN8hamilton28sensor_pt_meas_ms5YXX_imx8m412CTestBuilderEEEEC2Ev
                0x1ffe2724       0x18 CMakeFiles/EXE_SensorPT_MEAS_MS5YXX_Imx8M4.elf.dir/MainEXE_SensorPT_MEAS_MS5YXX_Imx8M4.cpp.obj
                0x1ffe2724                std::_Tuple_impl<1u, std::default_delete<hamilton::sensor_pt_meas_ms5YXX_imx8m4::CTestBuilder> >::_Tuple_impl()
                0x1ffe2724                std::_Tuple_impl<1u, std::default_delete<hamilton::sensor_pt_meas_ms5YXX_imx8m4::CTestBuilder> >::_Tuple_impl()
 .text._ZNSt10_Head_baseILj0EPN8hamilton28sensor_pt_meas_ms5YXX_imx8m412CTestBuilderELb0EEC2Ev
                0x1ffe273c       0x1c CMakeFiles/EXE_SensorPT_MEAS_MS5YXX_Imx8M4.elf.dir/MainEXE_SensorPT_MEAS_MS5YXX_Imx8M4.cpp.obj
                0x1ffe273c                std::_Head_base<0u, hamilton::sensor_pt_meas_ms5YXX_imx8m4::CTestBuilder*, false>::_Head_base()
                0x1ffe273c                std::_Head_base<0u, hamilton::sensor_pt_meas_ms5YXX_imx8m4::CTestBuilder*, false>::_Head_base()
 .text._ZNSt10_Head_baseILj0EPN8hamilton28sensor_pt_meas_ms5YXX_imx8m412CTestBuilderELb0EE7_M_headERS4_
                0x1ffe2758       0x16 CMakeFiles/EXE_SensorPT_MEAS_MS5YXX_Imx8M4.elf.dir/MainEXE_SensorPT_MEAS_MS5YXX_Imx8M4.cpp.obj
                0x1ffe2758                std::_Head_base<0u, hamilton::sensor_pt_meas_ms5YXX_imx8m4::CTestBuilder*, false>::_M_head(std::_Head_base<0u, hamilton::sensor_pt_meas_ms5YXX_imx8m4::CTestBuilder*, false>&)
 .text._ZNSt11_Tuple_implILj1EJSt14default_deleteIN8hamilton28sensor_pt_meas_ms5YXX_imx8m412CTestBuilderEEEE7_M_headERS5_
                0x1ffe276e       0x18 CMakeFiles/EXE_SensorPT_MEAS_MS5YXX_Imx8M4.elf.dir/MainEXE_SensorPT_MEAS_MS5YXX_Imx8M4.cpp.obj
                0x1ffe276e                std::_Tuple_impl<1u, std::default_delete<hamilton::sensor_pt_meas_ms5YXX_imx8m4::CTestBuilder> >::_M_head(std::_Tuple_impl<1u, std::default_delete<hamilton::sensor_pt_meas_ms5YXX_imx8m4::CTestBuilder> >&)
 .text._ZNSt11_Tuple_implILj0EJPN8hamilton28sensor_pt_meas_ms5YXX_imx8m412CTestBuilderESt14default_deleteIS2_EEE7_M_headERKS6_
                0x1ffe2786       0x1a CMakeFiles/EXE_SensorPT_MEAS_MS5YXX_Imx8M4.elf.dir/MainEXE_SensorPT_MEAS_MS5YXX_Imx8M4.cpp.obj
                0x1ffe2786                std::_Tuple_impl<0u, hamilton::sensor_pt_meas_ms5YXX_imx8m4::CTestBuilder*, std::default_delete<hamilton::sensor_pt_meas_ms5YXX_imx8m4::CTestBuilder> >::_M_head(std::_Tuple_impl<0u, hamilton::sensor_pt_meas_ms5YXX_imx8m4::CTestBuilder*, std::default_delete<hamilton::sensor_pt_meas_ms5YXX_imx8m4::CTestBuilder> > const&)
 .text._ZNSt10_Head_baseILj1ESt14default_deleteIN8hamilton28sensor_pt_meas_ms5YXX_imx8m412CTestBuilderEELb1EEC2Ev
                0x1ffe27a0       0x16 CMakeFiles/EXE_SensorPT_MEAS_MS5YXX_Imx8M4.elf.dir/MainEXE_SensorPT_MEAS_MS5YXX_Imx8M4.cpp.obj
                0x1ffe27a0                std::_Head_base<1u, std::default_delete<hamilton::sensor_pt_meas_ms5YXX_imx8m4::CTestBuilder>, true>::_Head_base()
                0x1ffe27a0                std::_Head_base<1u, std::default_delete<hamilton::sensor_pt_meas_ms5YXX_imx8m4::CTestBuilder>, true>::_Head_base()
 .text._ZNSt10_Head_baseILj1ESt14default_deleteIN8hamilton28sensor_pt_meas_ms5YXX_imx8m412CTestBuilderEELb1EE7_M_headERS5_
                0x1ffe27b6       0x16 CMakeFiles/EXE_SensorPT_MEAS_MS5YXX_Imx8M4.elf.dir/MainEXE_SensorPT_MEAS_MS5YXX_Imx8M4.cpp.obj
                0x1ffe27b6                std::_Head_base<1u, std::default_delete<hamilton::sensor_pt_meas_ms5YXX_imx8m4::CTestBuilder>, true>::_M_head(std::_Head_base<1u, std::default_delete<hamilton::sensor_pt_meas_ms5YXX_imx8m4::CTestBuilder>, true>&)
 .text._ZNSt10_Head_baseILj0EPN8hamilton28sensor_pt_meas_ms5YXX_imx8m412CTestBuilderELb0EE7_M_headERKS4_
                0x1ffe27cc       0x16 CMakeFiles/EXE_SensorPT_MEAS_MS5YXX_Imx8M4.elf.dir/MainEXE_SensorPT_MEAS_MS5YXX_Imx8M4.cpp.obj
                0x1ffe27cc                std::_Head_base<0u, hamilton::sensor_pt_meas_ms5YXX_imx8m4::CTestBuilder*, false>::_M_head(std::_Head_base<0u, hamilton::sensor_pt_meas_ms5YXX_imx8m4::CTestBuilder*, false> const&)
 *fill*         0x1ffe27e2        0x2 
 .text._ZN7WST_EVTD2Ev
                0x1ffe27e4       0x2c CMakeFiles/EXE_SensorPT_MEAS_MS5YXX_Imx8M4.elf.dir/CTestBuilder.cpp.obj
                0x1ffe27e4                WST_EVT::~WST_EVT()
                0x1ffe27e4                WST_EVT::~WST_EVT()
 .text._ZN7WST_EVTD0Ev
                0x1ffe2810       0x1e CMakeFiles/EXE_SensorPT_MEAS_MS5YXX_Imx8M4.elf.dir/CTestBuilder.cpp.obj
                0x1ffe2810                WST_EVT::~WST_EVT()
 .text._ZNK7WST_EVT8isTypeOfEs
                0x1ffe282e       0x2c CMakeFiles/EXE_SensorPT_MEAS_MS5YXX_Imx8M4.elf.dir/CTestBuilder.cpp.obj
                0x1ffe282e                WST_EVT::isTypeOf(short) const
 .text._ZNK7WST_EVT11getIsStaticEv
                0x1ffe285a       0x18 CMakeFiles/EXE_SensorPT_MEAS_MS5YXX_Imx8M4.elf.dir/CTestBuilder.cpp.obj
                0x1ffe285a                WST_EVT::getIsStatic() const
 .text._ZN7WST_EVT7destroyEv
                0x1ffe2872       0x34 CMakeFiles/EXE_SensorPT_MEAS_MS5YXX_Imx8M4.elf.dir/CTestBuilder.cpp.obj
                0x1ffe2872                WST_EVT::destroy()
 .text._ZN7WST_FSM16setActiveContextEP7WST_TSKb
                0x1ffe28a6       0x2c CMakeFiles/EXE_SensorPT_MEAS_MS5YXX_Imx8M4.elf.dir/CTestBuilder.cpp.obj
                0x1ffe28a6                WST_FSM::setActiveContext(WST_TSK*, bool)
 *fill*         0x1ffe28d2        0x2 
 .text._ZN7WST_FSM9setActiveEb
                0x1ffe28d4       0x48 CMakeFiles/EXE_SensorPT_MEAS_MS5YXX_Imx8M4.elf.dir/CTestBuilder.cpp.obj
                0x1ffe28d4                WST_FSM::setActive(bool)
 .text._ZN4rome12fwd_delegateIFvN8hamilton3i2c16TI2CmasterErrorsEmENS_18target_is_optionalEED2Ev
                0x1ffe291c       0x1a CMakeFiles/EXE_SensorPT_MEAS_MS5YXX_Imx8M4.elf.dir/CTestBuilder.cpp.obj
                0x1ffe291c                rome::fwd_delegate<void (hamilton::i2c::TI2CmasterErrors, unsigned long), rome::target_is_optional>::~fwd_delegate()
                0x1ffe291c                rome::fwd_delegate<void (hamilton::i2c::TI2CmasterErrors, unsigned long), rome::target_is_optional>::~fwd_delegate()
 *fill*         0x1ffe2936        0x2 
 .text._ZN8hamilton3i2c22CI2CmasterDeviceImx8M4D2Ev
                0x1ffe2938       0x30 CMakeFiles/EXE_SensorPT_MEAS_MS5YXX_Imx8M4.elf.dir/CTestBuilder.cpp.obj
                0x1ffe2938                hamilton::i2c::CI2CmasterDeviceImx8M4::~CI2CmasterDeviceImx8M4()
                0x1ffe2938                hamilton::i2c::CI2CmasterDeviceImx8M4::~CI2CmasterDeviceImx8M4()
 .text._ZN8hamilton28sensor_pt_meas_ms5YXX_imx8m412CTestBuilderC2EmP7WST_TSK
                0x1ffe2968       0x80 CMakeFiles/EXE_SensorPT_MEAS_MS5YXX_Imx8M4.elf.dir/CTestBuilder.cpp.obj
                0x1ffe2968                hamilton::sensor_pt_meas_ms5YXX_imx8m4::CTestBuilder::CTestBuilder(unsigned long, WST_TSK*)
                0x1ffe2968                hamilton::sensor_pt_meas_ms5YXX_imx8m4::CTestBuilder::CTestBuilder(unsigned long, WST_TSK*)
 .text._ZN8hamilton28sensor_pt_meas_ms5YXX_imx8m412CTestBuilderD2Ev
                0x1ffe29e8       0x3c CMakeFiles/EXE_SensorPT_MEAS_MS5YXX_Imx8M4.elf.dir/CTestBuilder.cpp.obj
                0x1ffe29e8                hamilton::sensor_pt_meas_ms5YXX_imx8m4::CTestBuilder::~CTestBuilder()
                0x1ffe29e8                hamilton::sensor_pt_meas_ms5YXX_imx8m4::CTestBuilder::~CTestBuilder()
 .text._ZN8hamilton28sensor_pt_meas_ms5YXX_imx8m412CTestBuilderD0Ev
                0x1ffe2a24       0x22 CMakeFiles/EXE_SensorPT_MEAS_MS5YXX_Imx8M4.elf.dir/CTestBuilder.cpp.obj
                0x1ffe2a24                hamilton::sensor_pt_meas_ms5YXX_imx8m4::CTestBuilder::~CTestBuilder()
 *fill*         0x1ffe2a46        0x2 
 .text._ZN8hamilton28sensor_pt_meas_ms5YXX_imx8m412CTestBuilder21createI2CMasterConfigEv
                0x1ffe2a48       0x4c CMakeFiles/EXE_SensorPT_MEAS_MS5YXX_Imx8M4.elf.dir/CTestBuilder.cpp.obj
                0x1ffe2a48                hamilton::sensor_pt_meas_ms5YXX_imx8m4::CTestBuilder::createI2CMasterConfig()
 .text._ZN8hamilton28sensor_pt_meas_ms5YXX_imx8m412CTestBuilder13startBehaviorEv
                0x1ffe2a94       0x34 CMakeFiles/EXE_SensorPT_MEAS_MS5YXX_Imx8M4.elf.dir/CTestBuilder.cpp.obj
                0x1ffe2a94                hamilton::sensor_pt_meas_ms5YXX_imx8m4::CTestBuilder::startBehavior()
 .text._ZN8hamilton28sensor_pt_meas_ms5YXX_imx8m412CTestBuilder16setActiveContextEP7WST_TSKb
                0x1ffe2ac8       0x24 CMakeFiles/EXE_SensorPT_MEAS_MS5YXX_Imx8M4.elf.dir/CTestBuilder.cpp.obj
                0x1ffe2ac8                hamilton::sensor_pt_meas_ms5YXX_imx8m4::CTestBuilder::setActiveContext(WST_TSK*, bool)
 .text._ZN4rome6detail13delegate_base13delegate_baseIFvN8hamilton3i2c16TI2CmasterErrorsEmENS1_15no_call_invokerEED2Ev
                0x1ffe2aec       0x1c CMakeFiles/EXE_SensorPT_MEAS_MS5YXX_Imx8M4.elf.dir/CTestBuilder.cpp.obj
                0x1ffe2aec                rome::detail::delegate_base::delegate_base<void (hamilton::i2c::TI2CmasterErrors, unsigned long), rome::detail::delegate_base::no_call_invoker>::~delegate_base()
                0x1ffe2aec                rome::detail::delegate_base::delegate_base<void (hamilton::i2c::TI2CmasterErrors, unsigned long), rome::detail::delegate_base::no_call_invoker>::~delegate_base()
 .text._ZN4rome6detail13delegate_base13delegate_baseIFvN8hamilton21sensor_pt_meas_ms5YXX7IMS5YXX13TSensorErrorsEN4phys5units8quantityINS8_10dimensionsILi0ELi0ELi0ELi0ELi1ELi0ELi0EEEfEEENS1_15no_call_invokerEED2Ev
                0x1ffe2b08       0x1c CMakeFiles/EXE_SensorPT_MEAS_MS5YXX_Imx8M4.elf.dir/CTestBuilder.cpp.obj
                0x1ffe2b08                rome::detail::delegate_base::delegate_base<void (hamilton::sensor_pt_meas_ms5YXX::IMS5YXX::TSensorErrors, phys::units::quantity<phys::units::dimensions<0, 0, 0, 0, 1, 0, 0>, float>), rome::detail::delegate_base::no_call_invoker>::~delegate_base()
                0x1ffe2b08                rome::detail::delegate_base::delegate_base<void (hamilton::sensor_pt_meas_ms5YXX::IMS5YXX::TSensorErrors, phys::units::quantity<phys::units::dimensions<0, 0, 0, 0, 1, 0, 0>, float>), rome::detail::delegate_base::no_call_invoker>::~delegate_base()
 .text._ZN4rome6detail13delegate_base13delegate_baseIFvN8hamilton21sensor_pt_meas_ms5YXX7IMS5YXX13TSensorErrorsEN4phys5units8quantityINS8_10dimensionsILin1ELi1ELin2ELi0ELi0ELi0ELi0EEEfEEENS1_15no_call_invokerEED2Ev
                0x1ffe2b24       0x1c CMakeFiles/EXE_SensorPT_MEAS_MS5YXX_Imx8M4.elf.dir/CTestBuilder.cpp.obj
                0x1ffe2b24                rome::detail::delegate_base::delegate_base<void (hamilton::sensor_pt_meas_ms5YXX::IMS5YXX::TSensorErrors, phys::units::quantity<phys::units::dimensions<-1, 1, -2, 0, 0, 0, 0>, float>), rome::detail::delegate_base::no_call_invoker>::~delegate_base()
                0x1ffe2b24                rome::detail::delegate_base::delegate_base<void (hamilton::sensor_pt_meas_ms5YXX::IMS5YXX::TSensorErrors, phys::units::quantity<phys::units::dimensions<-1, 1, -2, 0, 0, 0, 0>, float>), rome::detail::delegate_base::no_call_invoker>::~delegate_base()
 .text._ZN4rome12fwd_delegateIFvN8hamilton21sensor_pt_meas_ms5YXX7IMS5YXX13TSensorErrorsEN4phys5units8quantityINS6_10dimensionsILi0ELi0ELi0ELi0ELi1ELi0ELi0EEEfEEENS_18target_is_optionalEED2Ev
                0x1ffe2b40       0x1a CMakeFiles/EXE_SensorPT_MEAS_MS5YXX_Imx8M4.elf.dir/CTestBuilder.cpp.obj
                0x1ffe2b40                rome::fwd_delegate<void (hamilton::sensor_pt_meas_ms5YXX::IMS5YXX::TSensorErrors, phys::units::quantity<phys::units::dimensions<0, 0, 0, 0, 1, 0, 0>, float>), rome::target_is_optional>::~fwd_delegate()
                0x1ffe2b40                rome::fwd_delegate<void (hamilton::sensor_pt_meas_ms5YXX::IMS5YXX::TSensorErrors, phys::units::quantity<phys::units::dimensions<0, 0, 0, 0, 1, 0, 0>, float>), rome::target_is_optional>::~fwd_delegate()
 *fill*         0x1ffe2b5a        0x2 
 .text._ZN8hamilton21sensor_pt_meas_ms5YXX7IMS5YXXD2Ev
                0x1ffe2b5c       0x28 CMakeFiles/EXE_SensorPT_MEAS_MS5YXX_Imx8M4.elf.dir/CTestBuilder.cpp.obj
                0x1ffe2b5c                hamilton::sensor_pt_meas_ms5YXX::IMS5YXX::~IMS5YXX()
                0x1ffe2b5c                hamilton::sensor_pt_meas_ms5YXX::IMS5YXX::~IMS5YXX()
 .text._ZN8hamilton21sensor_pt_meas_ms5YXX21evIsrTransferCompleteD2Ev
                0x1ffe2b84       0x24 CMakeFiles/EXE_SensorPT_MEAS_MS5YXX_Imx8M4.elf.dir/CTestBuilder.cpp.obj
                0x1ffe2b84                hamilton::sensor_pt_meas_ms5YXX::evIsrTransferComplete::~evIsrTransferComplete()
                0x1ffe2b84                hamilton::sensor_pt_meas_ms5YXX::evIsrTransferComplete::~evIsrTransferComplete()
 .text._ZN8hamilton21sensor_pt_meas_ms5YXX21evIsrTransferCompleteD0Ev
                0x1ffe2ba8       0x1e CMakeFiles/EXE_SensorPT_MEAS_MS5YXX_Imx8M4.elf.dir/CTestBuilder.cpp.obj
                0x1ffe2ba8                hamilton::sensor_pt_meas_ms5YXX::evIsrTransferComplete::~evIsrTransferComplete()
 .text._ZN4rome12fwd_delegateIFvN8hamilton21sensor_pt_meas_ms5YXX7IMS5YXX13TSensorErrorsEN4phys5units8quantityINS6_10dimensionsILin1ELi1ELin2ELi0ELi0ELi0ELi0EEEfEEENS_18target_is_optionalEED2Ev
                0x1ffe2bc6       0x1a CMakeFiles/EXE_SensorPT_MEAS_MS5YXX_Imx8M4.elf.dir/CTestBuilder.cpp.obj